
Allocating common symbols
Common symbol       size              file

fake_disctype       0x4               storage_ext.o
bd_video_region     0x1               region.o
map_table           0x180             mappath.o
pspemu_path         0x24              psp.o
psp_keys            0x10              psp.o
safe_mode           0x1               modulespatch.o
vsh_process         0x8               modulespatch.o
vsh_plugins         0x1c              modulespatch.o
access_pid          0x4               permissions.o
extended_syscall8   0x10              main.o
patches_backup      0x8               psp.o
psp_code            0x1               psp.o
effective_disctype  0x4               storage_ext.o
dvd_video_region    0x1               region.o
psptrans_path       0x25              psp.o
drm_data            0x18              drm.o
psp_tag             0x4               psp.o
vsh_pid             0x4               permissions.o
config              0xf               config.o
real_disctype       0x4               storage_ext.o

Discarded input sections

 .text          0x0000000000000000        0x0 start.o
 .data          0x0000000000000000        0x0 start.o
 .bss           0x0000000000000000        0x0 start.o
 .data          0x0000000000000000        0x0 main.o
 .bss           0x0000000000000000        0x0 main.o
 .text          0x0000000000000000        0x0 crypto.o
 .data          0x0000000000000000        0x0 crypto.o
 .bss           0x0000000000000000        0x0 crypto.o
 .toc           0x0000000000000000        0x0 crypto.o
 .data          0x0000000000000000        0x0 modulespatch.o
 .bss           0x0000000000000000        0x0 modulespatch.o
 .bss.condition_disable_gameupdate
                0x0000000000000000        0x0 modulespatch.o
 .text          0x0000000000000000        0x0 config.o
 .data          0x0000000000000000        0x0 config.o
 .bss           0x0000000000000000        0x0 config.o
 .text          0x0000000000000000        0x0 drm.o
 .data          0x0000000000000000        0x0 drm.o
 .bss           0x0000000000000000        0x0 drm.o
 .data          0x0000000000000000        0x0 psp_s.o
 .bss           0x0000000000000000        0x0 psp_s.o
 .data          0x0000000000000000        0x0 mappath.o
 .bss           0x0000000000000000        0x0 mappath.o
 .data          0x0000000000000000        0x0 storage_ext.o
 .bss           0x0000000000000000        0x0 storage_ext.o
 .data          0x0000000000000000        0x0 region.o
 .bss           0x0000000000000000        0x0 region.o
 .text          0x0000000000000000        0x0 psp.o
 .data          0x0000000000000000        0x0 psp.o
 .bss           0x0000000000000000        0x0 psp.o
 .text          0x0000000000000000        0x0 cobra.o
 .data          0x0000000000000000        0x0 cobra.o
 .bss           0x0000000000000000        0x0 cobra.o
 .toc           0x0000000000000000        0x0 cobra.o
 .data          0x0000000000000000        0x0 permissions.o
 .bss           0x0000000000000000        0x0 permissions.o
 .data          0x0000000000000000        0x0 sm_ext.o
 .bss           0x0000000000000000        0x0 sm_ext.o
 .text          0x0000000000000000        0x0 ../lv2/src/usb.o
 .data          0x0000000000000000        0x0 ../lv2/src/usb.o
 .bss           0x0000000000000000        0x0 ../lv2/src/usb.o
 .cellUsbdRegisterLdd.text
                0x0000000000000000        0x0 ../lv2/src/usb.o
 .cellUsbdUnregisterLdd.text
                0x0000000000000000        0x0 ../lv2/src/usb.o
 .cellUsbdScanStaticDescriptor.text
                0x0000000000000000        0x0 ../lv2/src/usb.o
 .cellUsbdOpenPipe.text
                0x0000000000000000        0x0 ../lv2/src/usb.o
 .cellUsbdClosePipe.text
                0x0000000000000000        0x0 ../lv2/src/usb.o
 .cellUsbdControlTransfer.text
                0x0000000000000000        0x0 ../lv2/src/usb.o
 .cellUsbdBulkTransfer.text
                0x0000000000000000        0x0 ../lv2/src/usb.o
 .text          0x0000000000000000        0x0 ../lv2/src/patch.o
 .data          0x0000000000000000        0x0 ../lv2/src/patch.o
 .bss           0x0000000000000000        0x0 ../lv2/src/patch.o
 .get_patched_func_call_address2.text
                0x0000000000000000        0x0 ../lv2/src/patch.o
 .read_patched_func_saved_register.text
                0x0000000000000000        0x0 ../lv2/src/patch.o
 .read_patched_func_saved_register2.text
                0x0000000000000000        0x0 ../lv2/src/patch.o
 .write_patched_func_saved_register2.text
                0x0000000000000000        0x0 ../lv2/src/patch.o
 .data          0x0000000000000000        0x0 ../lv2/src/interrupt.o
 .bss           0x0000000000000000        0x0 ../lv2/src/interrupt.o
 .text          0x0000000000000000        0x0 ../lv2/src/interrupt_c.o
 .data          0x0000000000000000        0x0 ../lv2/src/interrupt_c.o
 .bss           0x0000000000000000        0x0 ../lv2/src/interrupt_c.o
 .text          0x0000000000000000        0x0 ../lv2/src/io.o
 .data          0x0000000000000000        0x0 ../lv2/src/io.o
 .bss           0x0000000000000000        0x0 ../lv2/src/io.o
 .cellFsUtime.text
                0x0000000000000000        0x0 ../lv2/src/io.o
 .cellFsUtilMount.text
                0x0000000000000000        0x0 ../lv2/src/io.o
 .cellFsUtilNewfs.text
                0x0000000000000000        0x0 ../lv2/src/io.o
 .text          0x0000000000000000        0x0 ../lv2/src/libc.o
 .data          0x0000000000000000        0x0 ../lv2/src/libc.o
 .bss           0x0000000000000000        0x0 ../lv2/src/libc.o
 .lv2_printf.text
                0x0000000000000000        0x0 ../lv2/src/libc.o
 .lv2_strrchr.text
                0x0000000000000000        0x0 ../lv2/src/libc.o
 .lv2_memchr.text
                0x0000000000000000        0x0 ../lv2/src/libc.o
 .printf.text   0x0000000000000000        0x0 ../lv2/src/libc.o
 .sprintf.text  0x0000000000000000        0x0 ../lv2/src/libc.o
 .snprintf.text
                0x0000000000000000        0x0 ../lv2/src/libc.o
 .strcpy.text   0x0000000000000000        0x0 ../lv2/src/libc.o
 .strncpy.text  0x0000000000000000        0x0 ../lv2/src/libc.o
 .strlen.text   0x0000000000000000        0x0 ../lv2/src/libc.o
 .strcat.text   0x0000000000000000        0x0 ../lv2/src/libc.o
 .strcmp.text   0x0000000000000000        0x0 ../lv2/src/libc.o
 .strncmp.text  0x0000000000000000        0x0 ../lv2/src/libc.o
 .strchr.text   0x0000000000000000        0x0 ../lv2/src/libc.o
 .strrchr.text  0x0000000000000000        0x0 ../lv2/src/libc.o
 .memcpy.text   0x0000000000000000        0x0 ../lv2/src/libc.o
 .memset.text   0x0000000000000000        0x0 ../lv2/src/libc.o
 .memcmp.text   0x0000000000000000        0x0 ../lv2/src/libc.o
 .memchr.text   0x0000000000000000        0x0 ../lv2/src/libc.o
 .text          0x0000000000000000        0x0 ../lv2/src/libc_c.o
 .data          0x0000000000000000        0x0 ../lv2/src/libc_c.o
 .bss           0x0000000000000000        0x0 ../lv2/src/libc_c.o
 .text          0x0000000000000000        0x0 ../lv2/src/memory.o
 .data          0x0000000000000000        0x0 ../lv2/src/memory.o
 .bss           0x0000000000000000        0x0 ../lv2/src/memory.o
 .process_ea_to_lpar_addr_ex.text
                0x0000000000000000        0x0 ../lv2/src/memory.o
 .set_pte.text  0x0000000000000000        0x0 ../lv2/src/memory.o
 .text          0x0000000000000000        0x0 ../lv2/src/memory_c.o
 .data          0x0000000000000000        0x0 ../lv2/src/memory_c.o
 .bss           0x0000000000000000        0x0 ../lv2/src/memory_c.o
 .toc           0x0000000000000000        0x0 ../lv2/src/memory_c.o
 .text.free     0x0000000000000000        0x0 ../lv2/src/memory_c.o
 .opd           0x0000000000000000        0x0 ../lv2/src/memory_c.o
 .text.malloc   0x0000000000000000        0x0 ../lv2/src/memory_c.o
 .data          0x0000000000000000        0x0 ../lv2/src/thread.o
 .bss           0x0000000000000000        0x0 ../lv2/src/thread.o
 .ppu_thread_delay.text
                0x0000000000000000        0x0 ../lv2/src/thread.o
 .create_kernel_thread.text
                0x0000000000000000        0x0 ../lv2/src/thread.o
 .create_user_thread.text
                0x0000000000000000        0x0 ../lv2/src/thread.o
 .deallocate_user_stack.text
                0x0000000000000000        0x0 ../lv2/src/thread.o
 .text          0x0000000000000000        0x0 ../lv2/src/thread_c.o
 .data          0x0000000000000000        0x0 ../lv2/src/thread_c.o
 .bss           0x0000000000000000        0x0 ../lv2/src/thread_c.o
 .data          0x0000000000000000        0x0 ../lv2/src/process.o
 .bss           0x0000000000000000        0x0 ../lv2/src/process.o
 .process_kill.text
                0x0000000000000000        0x0 ../lv2/src/process.o
 .text          0x0000000000000000        0x0 ../lv2/src/synchronization.o
 .data          0x0000000000000000        0x0 ../lv2/src/synchronization.o
 .bss           0x0000000000000000        0x0 ../lv2/src/synchronization.o
 .mutex_lock_ex.text
                0x0000000000000000        0x0 ../lv2/src/synchronization.o
 .mutex_trylock.text
                0x0000000000000000        0x0 ../lv2/src/synchronization.o
 .cond_create.text
                0x0000000000000000        0x0 ../lv2/src/synchronization.o
 .cond_destroy.text
                0x0000000000000000        0x0 ../lv2/src/synchronization.o
 .cond_wait.text
                0x0000000000000000        0x0 ../lv2/src/synchronization.o
 .cond_wait_ex.text
                0x0000000000000000        0x0 ../lv2/src/synchronization.o
 .cond_signal.text
                0x0000000000000000        0x0 ../lv2/src/synchronization.o
 .cond_signal_all.text
                0x0000000000000000        0x0 ../lv2/src/synchronization.o
 .semaphore_initialize.text
                0x0000000000000000        0x0 ../lv2/src/synchronization.o
 .semaphore_wait_ex.text
                0x0000000000000000        0x0 ../lv2/src/synchronization.o
 .semaphore_trywait.text
                0x0000000000000000        0x0 ../lv2/src/synchronization.o
 .semaphore_post_ex.text
                0x0000000000000000        0x0 ../lv2/src/synchronization.o
 .event_port_send_ex.text
                0x0000000000000000        0x0 ../lv2/src/synchronization.o
 .event_queue_tryreceive.text
                0x0000000000000000        0x0 ../lv2/src/synchronization.o
 .text          0x0000000000000000        0x0 ../lv2/src/modules.o
 .data          0x0000000000000000        0x0 ../lv2/src/modules.o
 .bss           0x0000000000000000        0x0 ../lv2/src/modules.o
 .authenticate_program_segment.text
                0x0000000000000000        0x0 ../lv2/src/modules.o
 .prx_get_module_id_by_name.text
                0x0000000000000000        0x0 ../lv2/src/modules.o
 .open_prx_object.text
                0x0000000000000000        0x0 ../lv2/src/modules.o
 .close_prx_object.text
                0x0000000000000000        0x0 ../lv2/src/modules.o
 .lock_prx_mutex.text
                0x0000000000000000        0x0 ../lv2/src/modules.o
 .unlock_prx_mutex.text
                0x0000000000000000        0x0 ../lv2/src/modules.o
 .text          0x0000000000000000        0x0 ../lv2/src/modules_c.o
 .data          0x0000000000000000        0x0 ../lv2/src/modules_c.o
 .bss           0x0000000000000000        0x0 ../lv2/src/modules_c.o
 .text.prx_get_module_name_by_address
                0x0000000000000000        0x0 ../lv2/src/modules_c.o
 .text          0x0000000000000000        0x0 ../lv2/src/storage.o
 .data          0x0000000000000000        0x0 ../lv2/src/storage.o
 .bss           0x0000000000000000        0x0 ../lv2/src/storage.o
 .storage_get_device_info.text
                0x0000000000000000        0x0 ../lv2/src/storage.o
 .storage_get_device_config.text
                0x0000000000000000        0x0 ../lv2/src/storage.o
 .storage_read.text
                0x0000000000000000        0x0 ../lv2/src/storage.o
 .storage_write.text
                0x0000000000000000        0x0 ../lv2/src/storage.o
 .storage_send_device_command.text
                0x0000000000000000        0x0 ../lv2/src/storage.o
 .text          0x0000000000000000        0x0 ../lv2/src/object.o
 .data          0x0000000000000000        0x0 ../lv2/src/object.o
 .bss           0x0000000000000000        0x0 ../lv2/src/object.o
 .create_kernel_object.text
                0x0000000000000000        0x0 ../lv2/src/object.o
 .destroy_kernel_object.text
                0x0000000000000000        0x0 ../lv2/src/object.o
 .destroy_shared_kernel_object.text
                0x0000000000000000        0x0 ../lv2/src/object.o
 .text          0x0000000000000000        0x0 ../lv2/src/security.o
 .data          0x0000000000000000        0x0 ../lv2/src/security.o
 .bss           0x0000000000000000        0x0 ../lv2/src/security.o
 .md5_reset.text
                0x0000000000000000        0x0 ../lv2/src/security.o
 .md5_update.text
                0x0000000000000000        0x0 ../lv2/src/security.o
 .md5_final.text
                0x0000000000000000        0x0 ../lv2/src/security.o
 .update_mgr_read_eeprom.text
                0x0000000000000000        0x0 ../lv2/src/security.o
 .update_mgr_write_eeprom.text
                0x0000000000000000        0x0 ../lv2/src/security.o
 .text          0x0000000000000000        0x0 ../lv2/src/time.o
 .data          0x0000000000000000        0x0 ../lv2/src/time.o
 .bss           0x0000000000000000        0x0 ../lv2/src/time.o
 .text          0x0000000000000000        0x0 ../lv2/src/hid.o
 .data          0x0000000000000000        0x0 ../lv2/src/hid.o
 .bss           0x0000000000000000        0x0 ../lv2/src/hid.o
 .text          0x0000000000000000        0x0 ../lv2/src/pad.o
 .data          0x0000000000000000        0x0 ../lv2/src/pad.o
 .bss           0x0000000000000000        0x0 ../lv2/src/pad.o
 .text          0x0000000000000000        0x0 ../lv2/src/syscall.o
 .data          0x0000000000000000        0x0 ../lv2/src/syscall.o
 .bss           0x0000000000000000        0x0 ../lv2/src/syscall.o
 .text          0x0000000000000000        0x0 ../lv1/src/hvcall.o
 .data          0x0000000000000000        0x0 ../lv1/src/hvcall.o
 .bss           0x0000000000000000        0x0 ../lv1/src/hvcall.o
 ._lv1_allocate_memory.text
                0x0000000000000000        0x0 ../lv1/src/hvcall.o
 ._lv1_write_htab_entry.text
                0x0000000000000000        0x0 ../lv1/src/hvcall.o
 ._lv1_get_virtual_address_space_id_of_ppe.text
                0x0000000000000000        0x0 ../lv1/src/hvcall.o
 ._lv1_release_memory.text
                0x0000000000000000        0x0 ../lv1/src/hvcall.o
 ._lv1_destruct_logical_spe.text
                0x0000000000000000        0x0 ../lv1/src/hvcall.o
 ._lv1_construct_logical_spe.text
                0x0000000000000000        0x0 ../lv1/src/hvcall.o
 ._lv1_set_spe_interrupt_mask.text
                0x0000000000000000        0x0 ../lv1/src/hvcall.o
 ._lv1_set_spe_transition_notifier.text
                0x0000000000000000        0x0 ../lv1/src/hvcall.o
 ._lv1_disable_logical_spe.text
                0x0000000000000000        0x0 ../lv1/src/hvcall.o
 ._lv1_clear_spe_interrupt_status.text
                0x0000000000000000        0x0 ../lv1/src/hvcall.o
 ._lv1_get_spe_interrupt_status.text
                0x0000000000000000        0x0 ../lv1/src/hvcall.o
 ._lv1_get_logical_ppe_id.text
                0x0000000000000000        0x0 ../lv1/src/hvcall.o
 ._lv1_get_logical_partition_id.text
                0x0000000000000000        0x0 ../lv1/src/hvcall.o
 ._lv1_set_spe_privilege_state_area_1_register.text
                0x0000000000000000        0x0 ../lv1/src/hvcall.o
 ._lv1_create_repository_node.text
                0x0000000000000000        0x0 ../lv1/src/hvcall.o
 ._lv1_modify_repository_node_value.text
                0x0000000000000000        0x0 ../lv1/src/hvcall.o
 ._lv1_remove_repository_node.text
                0x0000000000000000        0x0 ../lv1/src/hvcall.o
 ._lv1_read_htab_entries.text
                0x0000000000000000        0x0 ../lv1/src/hvcall.o
 ._lv1_insert_htab_entry.text
                0x0000000000000000        0x0 ../lv1/src/hvcall.o
 ._lv1_read_virtual_uart.text
                0x0000000000000000        0x0 ../lv1/src/hvcall.o
 ._lv1_write_virtual_uart.text
                0x0000000000000000        0x0 ../lv1/src/hvcall.o
 ._lv1_set_virtual_uart_param.text
                0x0000000000000000        0x0 ../lv1/src/hvcall.o
 ._lv1_get_virtual_uart_param.text
                0x0000000000000000        0x0 ../lv1/src/hvcall.o
 ._lv1_map_device_mmio_region.text
                0x0000000000000000        0x0 ../lv1/src/hvcall.o
 ._lv1_unmap_device_mmio_region.text
                0x0000000000000000        0x0 ../lv1/src/hvcall.o
 ._lv1_net_start_tx_dma.text
                0x0000000000000000        0x0 ../lv1/src/hvcall.o
 ._lv1_net_stop_tx_dma.text
                0x0000000000000000        0x0 ../lv1/src/hvcall.o
 ._lv1_net_start_rx_dma.text
                0x0000000000000000        0x0 ../lv1/src/hvcall.o
 ._lv1_net_stop_rx_dma.text
                0x0000000000000000        0x0 ../lv1/src/hvcall.o
 ._lv1_net_set_interrupt_status_indicator.text
                0x0000000000000000        0x0 ../lv1/src/hvcall.o
 ._lv1_net_set_interrupt_mask.text
                0x0000000000000000        0x0 ../lv1/src/hvcall.o
 ._lv1_net_control.text
                0x0000000000000000        0x0 ../lv1/src/hvcall.o
 ._lv1_enable_logical_spe.text
                0x0000000000000000        0x0 ../lv1/src/hvcall.o
 ._lv1_storage_write.text
                0x0000000000000000        0x0 ../lv1/src/hvcall.o
 ._lv1_storage_send_device_command.text
                0x0000000000000000        0x0 ../lv1/src/hvcall.o
 ._lv1_storage_get_async_status.text
                0x0000000000000000        0x0 ../lv1/src/hvcall.o
 ._lv1_panic.text
                0x0000000000000000        0x0 ../lv1/src/hvcall.o
 ._lv1_undocumented_function_114.text
                0x0000000000000000        0x0 ../lv1/src/hvcall.o
 ._lv1_undocumented_function_115.text
                0x0000000000000000        0x0 ../lv1/src/hvcall.o
 ._lv1_undocumented_function_138.text
                0x0000000000000000        0x0 ../lv1/src/hvcall.o
 ._lv1_undocumented_function_99.text
                0x0000000000000000        0x0 ../lv1/src/hvcall.o
 ._lv1_undocumented_function_62.text
                0x0000000000000000        0x0 ../lv1/src/hvcall.o
 ._lv1_undocumented_function_167.text
                0x0000000000000000        0x0 ../lv1/src/hvcall.o
 ._lv1_undocumented_function_168.text
                0x0000000000000000        0x0 ../lv1/src/hvcall.o
 .text          0x0000000000000000        0x0 ../lv1/src/stor.o
 .data          0x0000000000000000        0x0 ../lv1/src/stor.o
 .bss           0x0000000000000000        0x0 ../lv1/src/stor.o
 .text          0x0000000000000000        0x0 ../lv1/src/device.o
 .data          0x0000000000000000        0x0 ../lv1/src/device.o
 .bss           0x0000000000000000        0x0 ../lv1/src/device.o
 .toc           0x0000000000000000        0x0 ../lv1/src/device.o
 .text.lv1_get_repository_node_value
                0x0000000000000000        0x0 ../lv1/src/device.o
 .text.find_device_by_type
                0x0000000000000000        0x0 ../lv1/src/device.o

Memory Configuration

Name             Origin             Length             Attributes
*default*        0x0000000000000000 0xffffffffffffffff

Linker script and memory map

LOAD start.o
LOAD main.o
LOAD crypto.o
LOAD modulespatch.o
LOAD config.o
LOAD drm.o
LOAD psp_s.o
LOAD mappath.o
LOAD storage_ext.o
LOAD region.o
LOAD psp.o
LOAD cobra.o
LOAD permissions.o
LOAD sm_ext.o
LOAD ../lv2/src/usb.o
LOAD ../lv2/src/patch.o
LOAD ../lv2/src/interrupt.o
LOAD ../lv2/src/interrupt_c.o
LOAD ../lv2/src/io.o
LOAD ../lv2/src/libc.o
LOAD ../lv2/src/libc_c.o
LOAD ../lv2/src/memory.o
LOAD ../lv2/src/memory_c.o
LOAD ../lv2/src/thread.o
LOAD ../lv2/src/thread_c.o
LOAD ../lv2/src/process.o
LOAD ../lv2/src/synchronization.o
LOAD ../lv2/src/modules.o
LOAD ../lv2/src/modules_c.o
LOAD ../lv2/src/storage.o
LOAD ../lv2/src/object.o
LOAD ../lv2/src/security.o
LOAD ../lv2/src/time.o
LOAD ../lv2/src/hid.o
LOAD ../lv2/src/pad.o
LOAD ../lv2/src/syscall.o
LOAD ../lv1/src/hvcall.o
LOAD ../lv1/src/stor.o
LOAD ../lv1/src/device.o
                0xbaadcafe00000000                __base = 0xbaadcafe00000000
                0xbaadcafe00000000                . = __base
                0xbaadcafe00000000                __self_start = .

.start          0xbaadcafe00000000       0xa4
 *(.start)
 .start         0xbaadcafe00000000       0xa4 start.o
                0xbaadcafe00000000                _start
                0xbaadcafe000000c0                . = ALIGN (0x20)

.text           0xbaadcafe000000c0     0xdb58
 *(.text)
 .text          0xbaadcafe000000c0      0x28c main.o
 *fill*         0xbaadcafe0000034c        0x4 00
 .text          0xbaadcafe00000350      0x248 modulespatch.o
 .text          0xbaadcafe00000598      0x268 psp_s.o
                0xbaadcafe00000598                psp_func1
 .text          0xbaadcafe00000800       0xc4 mappath.o
 *fill*         0xbaadcafe000008c4        0x4 00
 .text          0xbaadcafe000008c8      0x6fc storage_ext.o
 *fill*         0xbaadcafe00000fc4        0x4 00
 .text          0xbaadcafe00000fc8       0x68 region.o
 .text          0xbaadcafe00001030       0xcc permissions.o
 *fill*         0xbaadcafe000010fc        0x4 00
 .text          0xbaadcafe00001100       0x80 sm_ext.o
 .text          0xbaadcafe00001180       0x30 ../lv2/src/interrupt.o
                0xbaadcafe00001180                suspend_intr
                0xbaadcafe00001194                resume_intr
 .text          0xbaadcafe000011b0       0x18 ../lv2/src/thread.o
                0xbaadcafe000011b0                get_current_thread
                0xbaadcafe000011c0                get_current_thread_name
 .text          0xbaadcafe000011c8       0x38 ../lv2/src/process.o
                0xbaadcafe000011c8                get_current_process
 *(.text.*)
 .text._sys_cfw_peek
                0xbaadcafe00001200       0x5c main.o
 .text._sys_cfw_lv1_call
                0xbaadcafe0000125c       0x2c main.o
 .text.main     0xbaadcafe00001288      0x180 main.o
 .text._sys_cfw_poke
                0xbaadcafe00001408      0x314 main.o
 .text._sys_cfw_new_poke
                0xbaadcafe0000171c       0x40 main.o
 .text._sys_cfw_lv1_poke
                0xbaadcafe0000175c       0x30 main.o
 .text._sys_cfw_memcpy
                0xbaadcafe0000178c       0x70 main.o
 .text._syscall8
                0xbaadcafe000017fc      0x684 main.o
 .text.xtea_encrypt_block
                0xbaadcafe00001e80       0x90 crypto.o
 .text.xtea_ctr
                0xbaadcafe00001f10       0xb4 crypto.o
 .text._pre_modules_verification
                0xbaadcafe00001fc4       0x1c modulespatch.o
 .text.modules_patch_init
                0xbaadcafe00001fe0      0x21c modulespatch.o
 .text.prx_unload_vsh_plugin
                0xbaadcafe000021fc       0xd0 modulespatch.o
 .text.sys_prx_unload_vsh_plugin
                0xbaadcafe000022cc       0x10 modulespatch.o
 .text.prx_load_vsh_plugin
                0xbaadcafe000022dc      0x28c modulespatch.o
 .text.load_boot_plugins
                0xbaadcafe00002568      0x274 modulespatch.o
 .text._load_process_hooked
                0xbaadcafe000027dc      0x140 modulespatch.o
 .text._pre_map_process_memory
                0xbaadcafe0000291c      0x100 modulespatch.o
 .text._modules_patching
                0xbaadcafe00002a1c      0x564 modulespatch.o
 .text._post_lv1_call_99_wrapper
                0xbaadcafe00002f80       0x6c modulespatch.o
 .text.sys_prx_load_vsh_plugin
                0xbaadcafe00002fec       0x20 modulespatch.o
 .text.check_and_correct
                0xbaadcafe0000300c       0xcc config.o
 .text.checksum
                0xbaadcafe000030d8       0x60 config.o
 .text.write_cobra_config
                0xbaadcafe00003138       0xe4 config.o
 .text.sys_write_cobra_config
                0xbaadcafe0000321c       0xe8 config.o
 .text.read_cobra_config
                0xbaadcafe00003304      0x140 config.o
 .text.sys_read_cobra_config
                0xbaadcafe00003444       0xf4 config.o
 .text.sys_drm_get_data
                0xbaadcafe00003538       0x54 drm.o
 .text.drm_init
                0xbaadcafe0000358c      0x140 drm.o
 .text.map_path_patches
                0xbaadcafe000036cc       0xd8 mappath.o
 .text._open_path_hook
                0xbaadcafe000037a4      0x11c mappath.o
 .text.map_path
                0xbaadcafe000038c0      0x444 mappath.o
 .text.map_path_user
                0xbaadcafe00003d04      0x154 mappath.o
 .text._sys_map_path
                0xbaadcafe00003e58       0x70 mappath.o
 .text.sys_map_paths
                0xbaadcafe00003ec8      0x154 mappath.o
 .text.sys_aio_copy_root
                0xbaadcafe0000401c      0x228 mappath.o
 .text.lv1_cfw_peek
                0xbaadcafe00004244       0x34 storage_ext.o
 .text.lv1_cfw_poke
                0xbaadcafe00004278       0x34 storage_ext.o
 .text.storage_ext_init
                0xbaadcafe000042ac      0x1f8 storage_ext.o
 .text._post_storage_get_device_info
                0xbaadcafe000044a4      0x1c0 storage_ext.o
 .text.copy_user_pointer_array
                0xbaadcafe00004664       0xa8 storage_ext.o
 .text.sys_storage_ext_fake_storage_event
                0xbaadcafe0000470c      0x120 storage_ext.o
 .text._fsloop_read
                0xbaadcafe0000482c      0x108 storage_ext.o
 .text._fsloop_close
                0xbaadcafe00004934       0x98 storage_ext.o
 .text._fsloop_open
                0xbaadcafe000049cc       0xbc storage_ext.o
 .text.umount_discfile
                0xbaadcafe00004a88      0x2c4 storage_ext.o
 .text.sys_storage_ext_umount_discfile
                0xbaadcafe00004d4c       0x10 storage_ext.o
 .text.mount_common
                0xbaadcafe00004d5c      0x2c4 storage_ext.o
 .text.mount_bd_discfile
                0xbaadcafe00005020       0xe8 storage_ext.o
 .text.sys_storage_ext_mount_bd_discfile
                0xbaadcafe00005108       0x9c storage_ext.o
 .text.mount_dvd_discfile
                0xbaadcafe000051a4       0xe8 storage_ext.o
 .text.sys_storage_ext_mount_dvd_discfile
                0xbaadcafe0000528c       0x9c storage_ext.o
 .text.mount_ps3_discfile
                0xbaadcafe00005328       0xe8 storage_ext.o
 .text.sys_storage_ext_mount_ps3_discfile
                0xbaadcafe00005410       0x9c storage_ext.o
 .text.mount_ps_cd
                0xbaadcafe000054ac      0x218 storage_ext.o
 .text.mount_ps2_discfile
                0xbaadcafe000056c4      0x28c storage_ext.o
 .text.mount_psx_discfile
                0xbaadcafe00005950       0xf8 storage_ext.o
 .text.process_generic_iso_scsi_cmd
                0xbaadcafe00005a48      0x20c storage_ext.o
 .text.process_cd_iso_scsi_cmd
                0xbaadcafe00005c54      0xd24 storage_ext.o
 .text.process_cmd
                0xbaadcafe00006978      0x48c storage_ext.o
 .text.do_read_iso
                0xbaadcafe00006e04       0xc8 storage_ext.o
 .text._emu_read_bdvd2
                0xbaadcafe00006ecc       0xe0 storage_ext.o
 .text._emu_read_bdvd1
                0xbaadcafe00006fac       0xd4 storage_ext.o
 .text._emu_read_bdvd0
                0xbaadcafe00007080       0xd4 storage_ext.o
 .text.get_handle_device
                0xbaadcafe00007154       0x84 storage_ext.o
 .text._emu_storage_send_device_command
                0xbaadcafe000071d8      0x120 storage_ext.o
 .text._emu_storage_read
                0xbaadcafe000072f8      0x124 storage_ext.o
 .text.find_file_sector
                0xbaadcafe0000741c       0xdc storage_ext.o
 .text.process_proxy_cmd
                0xbaadcafe000074f8      0x584 storage_ext.o
 .text.read_psx_sector
                0xbaadcafe00007a7c      0x264 storage_ext.o
 .text.process_get_psx_video_mode
                0xbaadcafe00007ce0      0x374 storage_ext.o
 .text.process_read_disc_cmd
                0xbaadcafe00008054      0x190 storage_ext.o
 .text.read_real_disc_sector
                0xbaadcafe000081e4       0xa4 storage_ext.o
 .text.is_psx   0xbaadcafe00008288      0x240 storage_ext.o
 .text.process_disc_insert
                0xbaadcafe000084c8      0x174 storage_ext.o
 .text._device_event
                0xbaadcafe0000863c      0x208 storage_ext.o
 .text.process_fake_storage_event_cmd
                0xbaadcafe00008844       0x64 storage_ext.o
 .text.fake_reinsert
                0xbaadcafe000088a8       0x84 storage_ext.o
 .text._post_cellFsUtilMount
                0xbaadcafe0000892c      0x218 storage_ext.o
 .text.dispatch_thread_entry
                0xbaadcafe00008b44      0xde0 storage_ext.o
 .text._shutdown_copy_params_patched
                0xbaadcafe00009924      0x698 storage_ext.o
 .text.sys_storage_ext_get_disc_type
                0xbaadcafe00009fbc      0x12c storage_ext.o
 .text.sys_storage_ext_read_ps3_disc
                0xbaadcafe0000a0e8      0x124 storage_ext.o
 .text.sys_storage_ext_get_emu_state
                0xbaadcafe0000a20c      0x1dc storage_ext.o
 .text.sys_storage_ext_mount_psx_discfile
                0xbaadcafe0000a3e8       0x30 storage_ext.o
 .text.sys_storage_ext_mount_ps2_discfile
                0xbaadcafe0000a418       0xe4 storage_ext.o
 .text.sys_storage_ext_mount_discfile_proxy
                0xbaadcafe0000a4fc      0x53c storage_ext.o
 .text.sys_storage_ext_mount_encrypted_image
                0xbaadcafe0000aa38      0x204 storage_ext.o
 .text.storage_ext_patches
                0xbaadcafe0000ac3c      0x678 storage_ext.o
 .text._emu_sys_storage_async_read
                0xbaadcafe0000b2b4      0x298 storage_ext.o
 .text._emu_sys_storage_async_send_device_command
                0xbaadcafe0000b54c      0x2a8 storage_ext.o
 .text._emu_disc_auth
                0xbaadcafe0000b7f4      0x2b8 storage_ext.o
 .text.region_patches
                0xbaadcafe0000baac       0xbc region.o
 .text._region_func
                0xbaadcafe0000bb68      0x1f4 region.o
 .text.sys_psp_set_emu_path
                0xbaadcafe0000bd5c       0x24 psp.o
 .text.sys_psp_post_savedata_initstart
                0xbaadcafe0000bd80       0x24 psp.o
 .text.sys_psp_post_savedata_shutdownstart
                0xbaadcafe0000bda4       0x34 psp.o
 .text.sys_psp_read_header
                0xbaadcafe0000bdd8      0x578 psp.o
 .text.sys_psp_read_umd
                0xbaadcafe0000c350      0x29c psp.o
 .text.sys_psp_set_umdfile
                0xbaadcafe0000c5ec      0x378 psp.o
 .text.sys_psp_set_decrypt_options
                0xbaadcafe0000c964       0xc8 psp.o
 .text.sys_psp_prx_patch
                0xbaadcafe0000ca2c       0x44 psp.o
 .text.sys_cobra_usb_command
                0xbaadcafe0000ca70       0x34 cobra.o
 .text._get_pid_patched
                0xbaadcafe0000caa4       0x58 permissions.o
 .text.permissions_patches
                0xbaadcafe0000cafc       0xd8 permissions.o
 .text.sys_permissions_remove_access
                0xbaadcafe0000cbd4       0x84 permissions.o
 .text.is_system_process
                0xbaadcafe0000cc58       0xe4 permissions.o
 .text._permissions_func_hook
                0xbaadcafe0000cd3c       0xb8 permissions.o
 .text.sys_permissions_get_access
                0xbaadcafe0000cdf4       0x5c permissions.o
 .text.sys_sm_ext_send_poweroff_event
                0xbaadcafe0000ce50       0xe8 sm_ext.o
 .text._send_poweroff_event
                0xbaadcafe0000cf38      0x17c sm_ext.o
 .text.spin_unlock_irqrestore
                0xbaadcafe0000d0b4       0x68 ../lv2/src/interrupt_c.o
 .text.spin_lock_irqsave
                0xbaadcafe0000d11c       0x54 ../lv2/src/interrupt_c.o
 .text.strncasecmp
                0xbaadcafe0000d170       0x78 ../lv2/src/libc_c.o
 .text.strstr   0xbaadcafe0000d1e8       0xf8 ../lv2/src/libc_c.o
 .text.ppu_user_thread_create
                0xbaadcafe0000d2e0      0x1b4 ../lv2/src/thread_c.o
 .text.prx_stop_module_with_thread
                0xbaadcafe0000d494      0x11c ../lv2/src/modules_c.o
 .text.prx_start_module_with_thread
                0xbaadcafe0000d5b0      0x184 ../lv2/src/modules_c.o
 .text.pad_get_data
                0xbaadcafe0000d734       0xe8 ../lv2/src/pad.o
 .text.lv1_stor_wrapper_read
                0xbaadcafe0000d81c       0xd4 ../lv1/src/stor.o
 .text.lv1_stor_wrapper_close
                0xbaadcafe0000d8f0       0x44 ../lv1/src/stor.o
 .text.lv1_stor_wrapper_open
                0xbaadcafe0000d934      0x10c ../lv1/src/stor.o
 .text.lv1_free_device_dma_region
                0xbaadcafe0000da40       0x34 ../lv1/src/device.o
 .text.unmap_dma_mem
                0xbaadcafe0000da74       0xa0 ../lv1/src/device.o
 .text.map_dma_mem
                0xbaadcafe0000db14      0x104 ../lv1/src/device.o

.sfpr           0xbaadcafe0000dc18        0x0
 .sfpr          0x0000000000000000        0x0 linker stubs

.glink          0xbaadcafe0000dc18        0x0
 .glink         0x0000000000000000        0x0 linker stubs

.clear_icache.text
                0xbaadcafe0000dc18       0x2c
 .clear_icache.text
                0xbaadcafe0000dc18       0x2c ../lv2/src/patch.o
                0xbaadcafe0000dc18                clear_icache

.get_call_address.text
                0xbaadcafe0000dc44       0x3c
 .get_call_address.text
                0xbaadcafe0000dc44       0x3c ../lv2/src/patch.o
                0xbaadcafe0000dc44                get_call_address

.get_patched_func_call_address.text
                0xbaadcafe0000dc80       0x20
 .get_patched_func_call_address.text
                0xbaadcafe0000dc80       0x20 ../lv2/src/patch.o
                0xbaadcafe0000dc80                get_patched_func_call_address

.write_patched_func_saved_register.text
                0xbaadcafe0000dca0       0x18
 .write_patched_func_saved_register.text
                0xbaadcafe0000dca0       0x18 ../lv2/src/patch.o
                0xbaadcafe0000dca0                write_patched_func_saved_register

.call_hooked_function.text
                0xbaadcafe0000dcb8       0x5c
 .call_hooked_function.text
                0xbaadcafe0000dcb8       0x5c ../lv2/src/patch.o
                0xbaadcafe0000dcb8                call_hooked_function

.spin_lock_irqsave_ex.text
                0xbaadcafe0000dd18       0x10
 .spin_lock_irqsave_ex.text
                0xbaadcafe0000dd18       0x10 ../lv2/src/interrupt.o
                0xbaadcafe0000dd18                spin_lock_irqsave_ex

.spin_unlock_irqrestore_ex.text
                0xbaadcafe0000dd28       0x10
 .spin_unlock_irqrestore_ex.text
                0xbaadcafe0000dd28       0x10 ../lv2/src/interrupt.o
                0xbaadcafe0000dd28                spin_unlock_irqrestore_ex

.cellFsOpen.text
                0xbaadcafe0000dd38       0x10
 .cellFsOpen.text
                0xbaadcafe0000dd38       0x10 ../lv2/src/io.o
                0xbaadcafe0000dd38                cellFsOpen

.cellFsClose.text
                0xbaadcafe0000dd48       0x10
 .cellFsClose.text
                0xbaadcafe0000dd48       0x10 ../lv2/src/io.o
                0xbaadcafe0000dd48                cellFsClose

.cellFsRead.text
                0xbaadcafe0000dd58       0x10
 .cellFsRead.text
                0xbaadcafe0000dd58       0x10 ../lv2/src/io.o
                0xbaadcafe0000dd58                cellFsRead

.cellFsWrite.text
                0xbaadcafe0000dd68       0x10
 .cellFsWrite.text
                0xbaadcafe0000dd68       0x10 ../lv2/src/io.o
                0xbaadcafe0000dd68                cellFsWrite

.cellFsLseek.text
                0xbaadcafe0000dd78       0x10
 .cellFsLseek.text
                0xbaadcafe0000dd78       0x10 ../lv2/src/io.o
                0xbaadcafe0000dd78                cellFsLseek

.cellFsStat.text
                0xbaadcafe0000dd88       0x10
 .cellFsStat.text
                0xbaadcafe0000dd88       0x10 ../lv2/src/io.o
                0xbaadcafe0000dd88                cellFsStat

.cellFsUnlink_internal.text
                0xbaadcafe0000dd98       0x10
 .cellFsUnlink_internal.text
                0xbaadcafe0000dd98       0x10 ../lv2/src/io.o
                0xbaadcafe0000dd98                cellFsUnlink_internal

.cellFsUtilMount_h.text
                0xbaadcafe0000dda8       0x44
 .cellFsUtilMount_h.text
                0xbaadcafe0000dda8       0x44 ../lv2/src/io.o
                0xbaadcafe0000dda8                cellFsUtilMount_h

.cellFsUtilUmount.text
                0xbaadcafe0000ddf0       0x10
 .cellFsUtilUmount.text
                0xbaadcafe0000ddf0       0x10 ../lv2/src/io.o
                0xbaadcafe0000ddf0                cellFsUtilUmount

.pathdup_from_user.text
                0xbaadcafe0000de00       0x10
 .pathdup_from_user.text
                0xbaadcafe0000de00       0x10 ../lv2/src/io.o
                0xbaadcafe0000de00                pathdup_from_user

.open_fs_object.text
                0xbaadcafe0000de10       0x10
 .open_fs_object.text
                0xbaadcafe0000de10       0x10 ../lv2/src/io.o
                0xbaadcafe0000de10                open_fs_object

.close_fs_object.text
                0xbaadcafe0000de20       0x10
 .close_fs_object.text
                0xbaadcafe0000de20       0x10 ../lv2/src/io.o
                0xbaadcafe0000de20                close_fs_object

.lv2_sprintf.text
                0xbaadcafe0000de30       0x10
 .lv2_sprintf.text
                0xbaadcafe0000de30       0x10 ../lv2/src/libc.o
                0xbaadcafe0000de30                lv2_sprintf

.lv2_snprintf.text
                0xbaadcafe0000de40       0x10
 .lv2_snprintf.text
                0xbaadcafe0000de40       0x10 ../lv2/src/libc.o
                0xbaadcafe0000de40                lv2_snprintf

.lv2_strcpy.text
                0xbaadcafe0000de50       0x10
 .lv2_strcpy.text
                0xbaadcafe0000de50       0x10 ../lv2/src/libc.o
                0xbaadcafe0000de50                lv2_strcpy

.lv2_strncpy.text
                0xbaadcafe0000de60       0x10
 .lv2_strncpy.text
                0xbaadcafe0000de60       0x10 ../lv2/src/libc.o
                0xbaadcafe0000de60                lv2_strncpy

.lv2_strlen.text
                0xbaadcafe0000de70       0x10
 .lv2_strlen.text
                0xbaadcafe0000de70       0x10 ../lv2/src/libc.o
                0xbaadcafe0000de70                lv2_strlen

.lv2_strcat.text
                0xbaadcafe0000de80       0x10
 .lv2_strcat.text
                0xbaadcafe0000de80       0x10 ../lv2/src/libc.o
                0xbaadcafe0000de80                lv2_strcat

.lv2_strcmp.text
                0xbaadcafe0000de90       0x10
 .lv2_strcmp.text
                0xbaadcafe0000de90       0x10 ../lv2/src/libc.o
                0xbaadcafe0000de90                lv2_strcmp

.lv2_strncmp.text
                0xbaadcafe0000dea0       0x10
 .lv2_strncmp.text
                0xbaadcafe0000dea0       0x10 ../lv2/src/libc.o
                0xbaadcafe0000dea0                lv2_strncmp

.lv2_strchr.text
                0xbaadcafe0000deb0       0x10
 .lv2_strchr.text
                0xbaadcafe0000deb0       0x10 ../lv2/src/libc.o
                0xbaadcafe0000deb0                lv2_strchr

.lv2_memcpy.text
                0xbaadcafe0000dec0       0x10
 .lv2_memcpy.text
                0xbaadcafe0000dec0       0x10 ../lv2/src/libc.o
                0xbaadcafe0000dec0                lv2_memcpy

.lv2_memset.text
                0xbaadcafe0000ded0       0x10
 .lv2_memset.text
                0xbaadcafe0000ded0       0x10 ../lv2/src/libc.o
                0xbaadcafe0000ded0                lv2_memset

.lv2_memcmp.text
                0xbaadcafe0000dee0       0x10
 .lv2_memcmp.text
                0xbaadcafe0000dee0       0x10 ../lv2/src/libc.o
                0xbaadcafe0000dee0                lv2_memcmp

.alloc.text     0xbaadcafe0000def0       0x10
 .alloc.text    0xbaadcafe0000def0       0x10 ../lv2/src/memory.o
                0xbaadcafe0000def0                alloc

.dealloc.text   0xbaadcafe0000df00       0x10
 .dealloc.text  0xbaadcafe0000df00       0x10 ../lv2/src/memory.o
                0xbaadcafe0000df00                dealloc

.copy_to_user.text
                0xbaadcafe0000df10       0x10
 .copy_to_user.text
                0xbaadcafe0000df10       0x10 ../lv2/src/memory.o
                0xbaadcafe0000df10                copy_to_user

.copy_from_user.text
                0xbaadcafe0000df20       0x10
 .copy_from_user.text
                0xbaadcafe0000df20       0x10 ../lv2/src/memory.o
                0xbaadcafe0000df20                copy_from_user

.copy_to_process.text
                0xbaadcafe0000df30       0x10
 .copy_to_process.text
                0xbaadcafe0000df30       0x10 ../lv2/src/memory.o
                0xbaadcafe0000df30                copy_to_process

.copy_from_process.text
                0xbaadcafe0000df40       0x10
 .copy_from_process.text
                0xbaadcafe0000df40       0x10 ../lv2/src/memory.o
                0xbaadcafe0000df40                copy_from_process

.page_allocate.text
                0xbaadcafe0000df50       0x10
 .page_allocate.text
                0xbaadcafe0000df50       0x10 ../lv2/src/memory.o
                0xbaadcafe0000df50                page_allocate

.page_free.text
                0xbaadcafe0000df60       0x10
 .page_free.text
                0xbaadcafe0000df60       0x10 ../lv2/src/memory.o
                0xbaadcafe0000df60                page_free

.page_export_to_proc.text
                0xbaadcafe0000df70       0x10
 .page_export_to_proc.text
                0xbaadcafe0000df70       0x10 ../lv2/src/memory.o
                0xbaadcafe0000df70                page_export_to_proc

.page_unexport_from_proc.text
                0xbaadcafe0000df80       0x10
 .page_unexport_from_proc.text
                0xbaadcafe0000df80       0x10 ../lv2/src/memory.o
                0xbaadcafe0000df80                page_unexport_from_proc

.kernel_ea_to_lpar_addr.text
                0xbaadcafe0000df90       0x10
 .kernel_ea_to_lpar_addr.text
                0xbaadcafe0000df90       0x10 ../lv2/src/memory.o
                0xbaadcafe0000df90                kernel_ea_to_lpar_addr

.ppu_thread_create.text
                0xbaadcafe0000dfa0       0x10
 .ppu_thread_create.text
                0xbaadcafe0000dfa0       0x10 ../lv2/src/thread.o
                0xbaadcafe0000dfa0                ppu_thread_create

.ppu_thread_exit.text
                0xbaadcafe0000dfb0       0x10
 .ppu_thread_exit.text
                0xbaadcafe0000dfb0       0x10 ../lv2/src/thread.o
                0xbaadcafe0000dfb0                ppu_thread_exit

.ppu_thread_join.text
                0xbaadcafe0000dfc0       0x10
 .ppu_thread_join.text
                0xbaadcafe0000dfc0       0x10 ../lv2/src/thread.o
                0xbaadcafe0000dfc0                ppu_thread_join

.create_user_thread2.text
                0xbaadcafe0000dfd0       0x10
 .create_user_thread2.text
                0xbaadcafe0000dfd0       0x10 ../lv2/src/thread.o
                0xbaadcafe0000dfd0                create_user_thread2

.start_thread.text
                0xbaadcafe0000dfe0       0x10
 .start_thread.text
                0xbaadcafe0000dfe0       0x10 ../lv2/src/thread.o
                0xbaadcafe0000dfe0                start_thread

.run_thread.text
                0xbaadcafe0000dff0       0x10
 .run_thread.text
                0xbaadcafe0000dff0       0x10 ../lv2/src/thread.o
                0xbaadcafe0000dff0                run_thread

.register_thread.text
                0xbaadcafe0000e000       0x10
 .register_thread.text
                0xbaadcafe0000e000       0x10 ../lv2/src/thread.o
                0xbaadcafe0000e000                register_thread

.allocate_user_stack.text
                0xbaadcafe0000e010       0x10
 .allocate_user_stack.text
                0xbaadcafe0000e010       0x10 ../lv2/src/thread.o
                0xbaadcafe0000e010                allocate_user_stack

.mutex_create.text
                0xbaadcafe0000e020       0x10
 .mutex_create.text
                0xbaadcafe0000e020       0x10 ../lv2/src/synchronization.o
                0xbaadcafe0000e020                mutex_create

.mutex_destroy.text
                0xbaadcafe0000e030       0x10
 .mutex_destroy.text
                0xbaadcafe0000e030       0x10 ../lv2/src/synchronization.o
                0xbaadcafe0000e030                mutex_destroy

.mutex_lock.text
                0xbaadcafe0000e040       0x10
 .mutex_lock.text
                0xbaadcafe0000e040       0x10 ../lv2/src/synchronization.o
                0xbaadcafe0000e040                mutex_lock

.mutex_unlock.text
                0xbaadcafe0000e050       0x10
 .mutex_unlock.text
                0xbaadcafe0000e050       0x10 ../lv2/src/synchronization.o
                0xbaadcafe0000e050                mutex_unlock

.event_port_create.text
                0xbaadcafe0000e060       0x10
 .event_port_create.text
                0xbaadcafe0000e060       0x10 ../lv2/src/synchronization.o
                0xbaadcafe0000e060                event_port_create

.event_port_destroy.text
                0xbaadcafe0000e070       0x10
 .event_port_destroy.text
                0xbaadcafe0000e070       0x10 ../lv2/src/synchronization.o
                0xbaadcafe0000e070                event_port_destroy

.event_port_connect.text
                0xbaadcafe0000e080       0x10
 .event_port_connect.text
                0xbaadcafe0000e080       0x10 ../lv2/src/synchronization.o
                0xbaadcafe0000e080                event_port_connect

.event_port_disconnect.text
                0xbaadcafe0000e090       0x10
 .event_port_disconnect.text
                0xbaadcafe0000e090       0x10 ../lv2/src/synchronization.o
                0xbaadcafe0000e090                event_port_disconnect

.event_port_send.text
                0xbaadcafe0000e0a0       0x10
 .event_port_send.text
                0xbaadcafe0000e0a0       0x10 ../lv2/src/synchronization.o
                0xbaadcafe0000e0a0                event_port_send

.event_queue_create.text
                0xbaadcafe0000e0b0       0x10
 .event_queue_create.text
                0xbaadcafe0000e0b0       0x10 ../lv2/src/synchronization.o
                0xbaadcafe0000e0b0                event_queue_create

.event_queue_destroy.text
                0xbaadcafe0000e0c0       0x10
 .event_queue_destroy.text
                0xbaadcafe0000e0c0       0x10 ../lv2/src/synchronization.o
                0xbaadcafe0000e0c0                event_queue_destroy

.event_queue_receive.text
                0xbaadcafe0000e0d0       0x10
 .event_queue_receive.text
                0xbaadcafe0000e0d0       0x10 ../lv2/src/synchronization.o
                0xbaadcafe0000e0d0                event_queue_receive

.decrypt_func.text
                0xbaadcafe0000e0e0       0x10
 .decrypt_func.text
                0xbaadcafe0000e0e0       0x10 ../lv2/src/modules.o
                0xbaadcafe0000e0e0                decrypt_func

.prx_load_module.text
                0xbaadcafe0000e0f0       0x10
 .prx_load_module.text
                0xbaadcafe0000e0f0       0x10 ../lv2/src/modules.o
                0xbaadcafe0000e0f0                prx_load_module

.prx_start_module.text
                0xbaadcafe0000e100       0x10
 .prx_start_module.text
                0xbaadcafe0000e100       0x10 ../lv2/src/modules.o
                0xbaadcafe0000e100                prx_start_module

.prx_stop_module.text
                0xbaadcafe0000e110       0x10
 .prx_stop_module.text
                0xbaadcafe0000e110       0x10 ../lv2/src/modules.o
                0xbaadcafe0000e110                prx_stop_module

.prx_unload_module.text
                0xbaadcafe0000e120       0x10
 .prx_unload_module.text
                0xbaadcafe0000e120       0x10 ../lv2/src/modules.o
                0xbaadcafe0000e120                prx_unload_module

.prx_get_module_info.text
                0xbaadcafe0000e130       0x10
 .prx_get_module_info.text
                0xbaadcafe0000e130       0x10 ../lv2/src/modules.o
                0xbaadcafe0000e130                prx_get_module_info

.prx_get_module_id_by_address.text
                0xbaadcafe0000e140       0x10
 .prx_get_module_id_by_address.text
                0xbaadcafe0000e140       0x10 ../lv2/src/modules.o
                0xbaadcafe0000e140                prx_get_module_id_by_address

.prx_get_module_list.text
                0xbaadcafe0000e150       0x10
 .prx_get_module_list.text
                0xbaadcafe0000e150       0x10 ../lv2/src/modules.o
                0xbaadcafe0000e150                prx_get_module_list

.storage_open.text
                0xbaadcafe0000e160       0x10
 .storage_open.text
                0xbaadcafe0000e160       0x10 ../lv2/src/storage.o
                0xbaadcafe0000e160                storage_open

.storage_close.text
                0xbaadcafe0000e170       0x10
 .storage_close.text
                0xbaadcafe0000e170       0x10 ../lv2/src/storage.o
                0xbaadcafe0000e170                storage_close

.storage_map_io_memory.text
                0xbaadcafe0000e180       0x10
 .storage_map_io_memory.text
                0xbaadcafe0000e180       0x10 ../lv2/src/storage.o
                0xbaadcafe0000e180                storage_map_io_memory

.storage_unmap_io_memory.text
                0xbaadcafe0000e190       0x10
 .storage_unmap_io_memory.text
                0xbaadcafe0000e190       0x10 ../lv2/src/storage.o
                0xbaadcafe0000e190                storage_unmap_io_memory

.storage_internal_get_device_object.text
                0xbaadcafe0000e1a0       0x10
 .storage_internal_get_device_object.text
                0xbaadcafe0000e1a0       0x10 ../lv2/src/storage.o
                0xbaadcafe0000e1a0                storage_internal_get_device_object

.open_kernel_object.text
                0xbaadcafe0000e1b0       0x10
 .open_kernel_object.text
                0xbaadcafe0000e1b0       0x10 ../lv2/src/object.o
                0xbaadcafe0000e1b0                open_kernel_object

.open_shared_kernel_object.text
                0xbaadcafe0000e1c0       0x10
 .open_shared_kernel_object.text
                0xbaadcafe0000e1c0       0x10 ../lv2/src/object.o
                0xbaadcafe0000e1c0                open_shared_kernel_object

.close_kernel_object_handle.text
                0xbaadcafe0000e1d0       0x10
 .close_kernel_object_handle.text
                0xbaadcafe0000e1d0       0x10 ../lv2/src/object.o
                0xbaadcafe0000e1d0                close_kernel_object_handle

.get_pseudo_random_number.text
                0xbaadcafe0000e1e0       0x10
 .get_pseudo_random_number.text
                0xbaadcafe0000e1e0       0x10 ../lv2/src/security.o
                0xbaadcafe0000e1e0                get_pseudo_random_number

.ss_get_open_psid.text
                0xbaadcafe0000e1f0       0x10
 .ss_get_open_psid.text
                0xbaadcafe0000e1f0       0x10 ../lv2/src/security.o
                0xbaadcafe0000e1f0                ss_get_open_psid

.hid_mgr_read_usb.text
                0xbaadcafe0000e200       0x10
 .hid_mgr_read_usb.text
                0xbaadcafe0000e200       0x10 ../lv2/src/hid.o
                0xbaadcafe0000e200                hid_mgr_read_usb

.hid_mgr_read_bt.text
                0xbaadcafe0000e210       0x10
 .hid_mgr_read_bt.text
                0xbaadcafe0000e210       0x10 ../lv2/src/hid.o
                0xbaadcafe0000e210                hid_mgr_read_bt

.extend_kstack.text
                0xbaadcafe0000e220       0x10
 .extend_kstack.text
                0xbaadcafe0000e220       0x10 ../lv2/src/syscall.o
                0xbaadcafe0000e220                extend_kstack

._lv1_get_repository_node_value.text
                0xbaadcafe0000e230       0x3c
 ._lv1_get_repository_node_value.text
                0xbaadcafe0000e230       0x3c ../lv1/src/hvcall.o
                0xbaadcafe0000e230                _lv1_get_repository_node_value

._lv1_allocate_device_dma_region.text
                0xbaadcafe0000e26c       0x30
 ._lv1_allocate_device_dma_region.text
                0xbaadcafe0000e26c       0x30 ../lv1/src/hvcall.o
                0xbaadcafe0000e26c                _lv1_allocate_device_dma_region

._lv1_free_device_dma_region.text
                0xbaadcafe0000e29c       0x20
 ._lv1_free_device_dma_region.text
                0xbaadcafe0000e29c       0x20 ../lv1/src/hvcall.o
                0xbaadcafe0000e29c                _lv1_free_device_dma_region

._lv1_map_device_dma_region.text
                0xbaadcafe0000e2bc       0x20
 ._lv1_map_device_dma_region.text
                0xbaadcafe0000e2bc       0x20 ../lv1/src/hvcall.o
                0xbaadcafe0000e2bc                _lv1_map_device_dma_region

._lv1_unmap_device_dma_region.text
                0xbaadcafe0000e2dc       0x20
 ._lv1_unmap_device_dma_region.text
                0xbaadcafe0000e2dc       0x20 ../lv1/src/hvcall.o
                0xbaadcafe0000e2dc                _lv1_unmap_device_dma_region

._lv1_storage_read.text
                0xbaadcafe0000e2fc       0x30
 ._lv1_storage_read.text
                0xbaadcafe0000e2fc       0x30 ../lv1/src/hvcall.o
                0xbaadcafe0000e2fc                _lv1_storage_read

._lv1_storage_check_async_status.text
                0xbaadcafe0000e32c       0x30
 ._lv1_storage_check_async_status.text
                0xbaadcafe0000e32c       0x30 ../lv1/src/hvcall.o
                0xbaadcafe0000e32c                _lv1_storage_check_async_status

._lv1_cfw_peek.text
                0xbaadcafe0000e35c       0x30
 ._lv1_cfw_peek.text
                0xbaadcafe0000e35c       0x30 ../lv1/src/hvcall.o
                0xbaadcafe0000e35c                _lv1_cfw_peek

._lv1_cfw_poke.text
                0xbaadcafe0000e38c       0x20
 ._lv1_cfw_poke.text
                0xbaadcafe0000e38c       0x20 ../lv1/src/hvcall.o
                0xbaadcafe0000e38c                _lv1_cfw_poke

.rodata         0xbaadcafe0000e3b0      0x598
 *(.rodata)
 *(.rodata.*)
 .rodata.str1.8
                0xbaadcafe0000e3b0       0x1c main.o
 .rodata.kernel_patches
                0xbaadcafe0000e3cc       0x50 main.o
 *fill*         0xbaadcafe0000e41c        0x4 00
 .rodata.str1.8
                0xbaadcafe0000e420       0x7a modulespatch.o
 *fill*         0xbaadcafe0000e49a        0x6 00
 .rodata.str1.8
                0xbaadcafe0000e4a0       0x1b config.o
 *fill*         0xbaadcafe0000e4bb        0x5 00
 .rodata.str1.8
                0xbaadcafe0000e4c0        0xa mappath.o
 *fill*         0xbaadcafe0000e4ca        0x6 00
 .rodata.str1.8
                0xbaadcafe0000e4d0      0x144 storage_ext.o
                                        0x16c (size before relaxing)
 .rodata.q_crc_lut
                0xbaadcafe0000e614      0x200 storage_ext.o
 *fill*         0xbaadcafe0000e814        0x4 00
 .rodata.str1.8
                0xbaadcafe0000e818       0x2c region.o
 .rodata.dvd_video_region_map
                0xbaadcafe0000e844       0x18 region.o
 .rodata.bd_video_region_map
                0xbaadcafe0000e85c       0x18 region.o
 *fill*         0xbaadcafe0000e874        0x4 00
 .rodata.str1.8
                0xbaadcafe0000e878       0x2a psp.o
 *fill*         0xbaadcafe0000e8a2        0x6 00
 .rodata.str1.8
                0xbaadcafe0000e8a8       0xa0 permissions.o
                                         0xcb (size before relaxing)
 .rodata.str1.8
                0x0000000000000000        0x1 ../lv2/src/modules_c.o
                0x0000000000000001                __reloc_start = .

.data           0xbaadcafe0000e948     0x1050
 *(.data)
 *(.data.*)
 .data.sprx_keys_set1
                0xbaadcafe0000e948       0x18 modulespatch.o
                0xbaadcafe0000e948                sprx_keys_set1
 .data.sprx_keys_set2
                0xbaadcafe0000e960       0x30 modulespatch.o
                0xbaadcafe0000e960                sprx_keys_set2
 .data.rel.vsh_patches
                0xbaadcafe0000e990       0x30 modulespatch.o
                0xbaadcafe0000e990                vsh_patches
 .data.rel.cex_vsh_patches
                0xbaadcafe0000e9c0       0x30 modulespatch.o
                0xbaadcafe0000e9c0                cex_vsh_patches
 .data.rel.explore_plugin_patches
                0xbaadcafe0000e9f0       0x50 modulespatch.o
                0xbaadcafe0000e9f0                explore_plugin_patches
 .data.rel.explore_category_game_patches
                0xbaadcafe0000ea40       0x20 modulespatch.o
                0xbaadcafe0000ea40                explore_category_game_patches
 .data.rel.local.bdp_disc_check_plugin_patches
                0xbaadcafe0000ea60       0x20 modulespatch.o
                0xbaadcafe0000ea60                bdp_disc_check_plugin_patches
 .data.rel.local.ps1_emu_patches
                0xbaadcafe0000ea80       0x20 modulespatch.o
                0xbaadcafe0000ea80                ps1_emu_patches
 .data.rel.local.ps1_netemu_patches
                0xbaadcafe0000eaa0       0x20 modulespatch.o
                0xbaadcafe0000eaa0                ps1_netemu_patches
 .data.rel.game_ext_plugin_patches
                0xbaadcafe0000eac0       0x40 modulespatch.o
                0xbaadcafe0000eac0                game_ext_plugin_patches
 .data.rel.psp_emulator_patches
                0xbaadcafe0000eb00       0x20 modulespatch.o
                0xbaadcafe0000eb00                psp_emulator_patches
 .data.rel.emulator_api_patches
                0xbaadcafe0000eb20      0x270 modulespatch.o
                0xbaadcafe0000eb20                emulator_api_patches
 .data.rel.pemucorelib_patches
                0xbaadcafe0000ed90      0x290 modulespatch.o
                0xbaadcafe0000ed90                pemucorelib_patches
 .data.rel.psp_emulator400_patches
                0xbaadcafe0000f020       0x20 modulespatch.o
                0xbaadcafe0000f020                psp_emulator400_patches
 .data.rel.emulator_api400_patches
                0xbaadcafe0000f040      0x270 modulespatch.o
                0xbaadcafe0000f040                emulator_api400_patches
 .data.rel.pemucorelib400_patches
                0xbaadcafe0000f2b0      0x290 modulespatch.o
                0xbaadcafe0000f2b0                pemucorelib400_patches
 .data.rel.libsysutil_savedata_psp_patches
                0xbaadcafe0000f540       0x60 modulespatch.o
                0xbaadcafe0000f540                libsysutil_savedata_psp_patches
 .data.rel.libfs_external_patches
                0xbaadcafe0000f5a0       0xd0 modulespatch.o
                0xbaadcafe0000f5a0                libfs_external_patches
 .data.rel.patch_table
                0xbaadcafe0000f670      0x150 modulespatch.o
                0xbaadcafe0000f670                patch_table
 .data.condition_true
                0xbaadcafe0000f7c0        0x1 modulespatch.o
 *fill*         0xbaadcafe0000f7c1        0x7 00
 .data.encrypted_image_keys
                0xbaadcafe0000f7c8       0x10 storage_ext.o
                0xbaadcafe0000f7c8                encrypted_image_keys
 .data.rel.local.ps2emu_stage2
                0xbaadcafe0000f7d8       0x10 storage_ext.o
                0xbaadcafe0000f7d8                ps2emu_stage2
 .data.encrypted_image_fd
                0xbaadcafe0000f7e8        0x4 storage_ext.o
 .data.discfd   0xbaadcafe0000f7ec        0x4 storage_ext.o
 .data.video_mode
                0xbaadcafe0000f7f0        0x4 storage_ext.o
 *fill*         0xbaadcafe0000f7f4        0x4 00
 .data.psp_drm_patches
                0xbaadcafe0000f7f8      0x150 psp.o
                0xbaadcafe0000f7f8                psp_drm_patches
 .data.umd_fd   0xbaadcafe0000f948        0x4 psp.o
 *fill*         0xbaadcafe0000f94c        0x4 00
 .data.rel.ro.local.system_processes
                0xbaadcafe0000f950       0x48 permissions.o
 *(.sdata)
 *(.sdata.*)

.branch_lt      0xbaadcafe0000f998        0x0
 .branch_lt     0xbaadcafe0000f998        0x0 linker stubs

.bss            0xbaadcafe0000f998      0x3bc
 *(.sbss)
 *(.sbss.*)
 *(COMMON)
 COMMON         0xbaadcafe0000f998       0x10 main.o
                0xbaadcafe0000f998                extended_syscall8
 COMMON         0xbaadcafe0000f9a8       0x2c modulespatch.o
                0xbaadcafe0000f9a8                safe_mode
                0xbaadcafe0000f9b0                vsh_process
                0xbaadcafe0000f9b8                vsh_plugins
 COMMON         0xbaadcafe0000f9d4        0xf config.o
                0xbaadcafe0000f9d4                config
 *fill*         0xbaadcafe0000f9e3        0x5 00
 COMMON         0xbaadcafe0000f9e8       0x18 drm.o
                0xbaadcafe0000f9e8                drm_data
 COMMON         0xbaadcafe0000fa00      0x180 mappath.o
                0xbaadcafe0000fa00                map_table
 COMMON         0xbaadcafe0000fb80        0xc storage_ext.o
                0xbaadcafe0000fb80                fake_disctype
                0xbaadcafe0000fb84                effective_disctype
                0xbaadcafe0000fb88                real_disctype
 COMMON         0xbaadcafe0000fb8c        0x2 region.o
                0xbaadcafe0000fb8c                bd_video_region
                0xbaadcafe0000fb8d                dvd_video_region
 *fill*         0xbaadcafe0000fb8e        0x2 00
 COMMON         0xbaadcafe0000fb90       0x74 psp.o
                0xbaadcafe0000fb90                pspemu_path
                0xbaadcafe0000fbb8                psp_keys
                0xbaadcafe0000fbc8                patches_backup
                0xbaadcafe0000fbd0                psp_code
                0xbaadcafe0000fbd8                psptrans_path
                0xbaadcafe0000fc00                psp_tag
 COMMON         0xbaadcafe0000fc04        0x8 permissions.o
                0xbaadcafe0000fc04                access_pid
                0xbaadcafe0000fc08                vsh_pid
 *(.bss)
 *(.bss.*)
 .bss.pid_blocked.4849
                0xbaadcafe0000fc0c        0x4 main.o
 .bss.current_813
                0xbaadcafe0000fc10        0x8 main.o
 .bss.condition_ps2softemu
                0xbaadcafe0000fc18        0x1 modulespatch.o
                0xbaadcafe0000fc18                condition_ps2softemu
 .bss.condition_apphome
                0xbaadcafe0000fc19        0x1 modulespatch.o
                0xbaadcafe0000fc19                condition_apphome
 .bss.condition_psp_iso
                0xbaadcafe0000fc1a        0x1 modulespatch.o
                0xbaadcafe0000fc1a                condition_psp_iso
 .bss.condition_psp_dec
                0xbaadcafe0000fc1b        0x1 modulespatch.o
                0xbaadcafe0000fc1b                condition_psp_dec
 .bss.condition_psp_keys
                0xbaadcafe0000fc1c        0x1 modulespatch.o
                0xbaadcafe0000fc1c                condition_psp_keys
 .bss.condition_psp_change_emu
                0xbaadcafe0000fc1d        0x1 modulespatch.o
                0xbaadcafe0000fc1d                condition_psp_change_emu
 .bss.condition_psp_prometheus
                0xbaadcafe0000fc1e        0x1 modulespatch.o
                0xbaadcafe0000fc1e                condition_psp_prometheus
 .bss.block_peek
                0xbaadcafe0000fc1f        0x1 modulespatch.o
                0xbaadcafe0000fc1f                block_peek
 .bss.basic_plugins_patches
                0xbaadcafe0000fc20       0x10 modulespatch.o
                0xbaadcafe0000fc20                basic_plugins_patches
 .bss.nas_plugin_patches
                0xbaadcafe0000fc30       0x10 modulespatch.o
                0xbaadcafe0000fc30                nas_plugin_patches
 .bss.nonce.3879
                0xbaadcafe0000fc40        0x8 modulespatch.o
 .bss.keys.3878
                0xbaadcafe0000fc48       0x10 modulespatch.o
 .bss.buf.3877  0xbaadcafe0000fc58        0x8 modulespatch.o
 .bss.total.3876
                0xbaadcafe0000fc60        0x4 modulespatch.o
 .bss.caller_process
                0xbaadcafe0000fc64        0x4 modulespatch.o
 .bss.saved_buf
                0xbaadcafe0000fc68        0x8 modulespatch.o
 .bss.saved_sce_hdr
                0xbaadcafe0000fc70        0x8 modulespatch.o
 .bss.loading_vsh_plugin
                0xbaadcafe0000fc78        0x4 modulespatch.o
 .bss.disc_being_mounted
                0xbaadcafe0000fc7c        0x4 storage_ext.o
 .bss.inloop.5754
                0xbaadcafe0000fc80        0x4 storage_ext.o
 .bss.skip_emu_check
                0xbaadcafe0000fc84        0x4 storage_ext.o
 .bss.loop      0xbaadcafe0000fc88        0x4 storage_ext.o
 *fill*         0xbaadcafe0000fc8c        0x4 00
 .bss.mutex     0xbaadcafe0000fc90        0x8 storage_ext.o
 .bss.command_port
                0xbaadcafe0000fc98        0x8 storage_ext.o
 .bss.result_port
                0xbaadcafe0000fca0        0x8 storage_ext.o
 .bss.command_queue
                0xbaadcafe0000fca8        0x8 storage_ext.o
 .bss.result_queue
                0xbaadcafe0000fcb0        0x8 storage_ext.o
 .bss.proxy_command_port
                0xbaadcafe0000fcb8        0x8 storage_ext.o
 .bss.proxy_result_queue
                0xbaadcafe0000fcc0        0x8 storage_ext.o
 .bss.disc_emulation
                0xbaadcafe0000fcc8        0x4 storage_ext.o
 .bss.total_emulation
                0xbaadcafe0000fccc        0x4 storage_ext.o
 .bss.discfile  0xbaadcafe0000fcd0        0x8 storage_ext.o
 .bss.discfile_cd
                0xbaadcafe0000fcd8        0x8 storage_ext.o
 .bss.discfile_proxy
                0xbaadcafe0000fce0        0x8 storage_ext.o
 .bss.could_not_read_disc
                0xbaadcafe0000fce8        0x4 storage_ext.o
 .bss.hdd0_mounted
                0xbaadcafe0000fcec        0x4 storage_ext.o
 .bss.ps2emu_type
                0xbaadcafe0000fcf0        0x4 storage_ext.o
 *fill*         0xbaadcafe0000fcf4        0x4 00
 .bss.encrypted_image
                0xbaadcafe0000fcf8        0x8 storage_ext.o
 .bss.encrypted_image_nonce
                0xbaadcafe0000fd00        0x8 storage_ext.o
 .bss.umd_file  0xbaadcafe0000fd08        0x8 psp.o
 .bss.mutex     0xbaadcafe0000fd10        0x8 psp.o
 .bss.user_mutex
                0xbaadcafe0000fd18        0x4 psp.o
 *fill*         0xbaadcafe0000fd1c        0x4 00
 .bss.psp_id    0xbaadcafe0000fd20        0xb psp.o
 *fill*         0xbaadcafe0000fd2b        0x5 00
 .bss.pemucorelib_base
                0xbaadcafe0000fd30        0x8 psp.o
 .bss.emulator_api_base
                0xbaadcafe0000fd38        0x8 psp.o
 .bss.savedata_param
                0xbaadcafe0000fd40        0x8 psp.o
 .bss.is_reboot
                0xbaadcafe0000fd48        0x4 sm_ext.o
 .bss.patch_done
                0xbaadcafe0000fd4c        0x4 sm_ext.o
                0xbaadcafe0000fd50        0x4 LONG 0x0
                0xbaadcafe0000fd60                . = ALIGN (0x20)
                0xbaadcafe0000fd60                __toc_start = .
                0xbaadcafe00017d60                __toc = (. + 0x8000)

.toc            0xbaadcafe0000fd60      0xc70
 *(.toc)
 .toc           0xbaadcafe0000fd60      0x120 main.o
 .toc           0xbaadcafe0000fe80      0x228 modulespatch.o
 .toc           0xbaadcafe000100a8       0x60 config.o
 .toc           0xbaadcafe00010108       0x20 drm.o
 .toc           0xbaadcafe00010128       0xa0 mappath.o
 .toc           0xbaadcafe000101c8      0x538 storage_ext.o
 .toc           0xbaadcafe00010700       0x48 region.o
 .toc           0xbaadcafe00010748      0x150 psp.o
 .toc           0xbaadcafe00010898       0x60 permissions.o
 .toc           0xbaadcafe000108f8       0x30 sm_ext.o
 .toc           0xbaadcafe00010928       0x10 ../lv2/src/interrupt_c.o
 .toc           0xbaadcafe00010938       0x18 ../lv2/src/libc_c.o
 .toc           0xbaadcafe00010950       0x28 ../lv2/src/thread_c.o
 .toc           0xbaadcafe00010978       0x28 ../lv2/src/modules_c.o
                                         0x38 (size before relaxing)
 .toc           0xbaadcafe000109a0       0x18 ../lv2/src/pad.o
 .toc           0xbaadcafe000109b8       0x18 ../lv1/src/stor.o
 *(.toc.*)
                0xbaadcafe000109d0                __toc_end = .
                0xbaadcafe000109d0                __opd_start = .

.opd            0xbaadcafe000109d0      0xdc8
 *(.opd)
 .opd           0xbaadcafe000109d0      0x130 main.o
                0xbaadcafe00010a30                syscall8
                0xbaadcafe00010a00                sys_cfw_poke
                0xbaadcafe00010ab8                _sys_cfw_lv1_poke
                0xbaadcafe00010a58                _sys_cfw_lv1_call
                0xbaadcafe000109e0                sys_cfw_new_poke
                0xbaadcafe00010ad0                _sys_cfw_memcpy
                0xbaadcafe00010ae8                _syscall8
                0xbaadcafe00010a70                main
                0xbaadcafe00010aa0                _sys_cfw_new_poke
                0xbaadcafe00010a88                _sys_cfw_poke
                0xbaadcafe000109f0                sys_cfw_memcpy
                0xbaadcafe00010a40                _sys_cfw_peek
                0xbaadcafe00010a20                sys_cfw_lv1_call
                0xbaadcafe00010a10                sys_cfw_lv1_poke
                0xbaadcafe000109d0                sys_cfw_peek
 .opd           0xbaadcafe00010b00       0x30 crypto.o
                0xbaadcafe00010b18                xtea_ctr
 .opd           0xbaadcafe00010b30      0x158 modulespatch.o
                0xbaadcafe00010b60                pre_map_process_memory
                0xbaadcafe00010bc8                sys_prx_unload_vsh_plugin
                0xbaadcafe00010b30                post_lv1_call_99_wrapper
                0xbaadcafe00010b50                pre_modules_verification
                0xbaadcafe00010bb0                prx_unload_vsh_plugin
                0xbaadcafe00010c58                _post_lv1_call_99_wrapper
                0xbaadcafe00010bf8                load_boot_plugins
                0xbaadcafe00010c10                _load_process_hooked
                0xbaadcafe00010c70                sys_prx_load_vsh_plugin
                0xbaadcafe00010be0                prx_load_vsh_plugin
                0xbaadcafe00010c28                _pre_map_process_memory
                0xbaadcafe00010b80                _pre_modules_verification
                0xbaadcafe00010b40                modules_patching
                0xbaadcafe00010b70                load_process_hooked
                0xbaadcafe00010b98                modules_patch_init
                0xbaadcafe00010c40                _modules_patching
 .opd           0xbaadcafe00010c88       0x90 config.o
                0xbaadcafe00010cb8                write_cobra_config
                0xbaadcafe00010cd0                sys_write_cobra_config
                0xbaadcafe00010ce8                read_cobra_config
                0xbaadcafe00010d00                sys_read_cobra_config
 .opd           0xbaadcafe00010d18       0x30 drm.o
                0xbaadcafe00010d30                drm_init
                0xbaadcafe00010d18                sys_drm_get_data
 .opd           0xbaadcafe00010d48       0xc8 mappath.o
                0xbaadcafe00010d98                map_path
                0xbaadcafe00010db0                map_path_user
                0xbaadcafe00010d58                open_path_hook
                0xbaadcafe00010dc8                _sys_map_path
                0xbaadcafe00010df8                sys_aio_copy_root
                0xbaadcafe00010d80                _open_path_hook
                0xbaadcafe00010d68                map_path_patches
                0xbaadcafe00010d48                sys_map_path
                0xbaadcafe00010de0                sys_map_paths
 .opd           0xbaadcafe00010e10      0x630 storage_ext.o
                0xbaadcafe00011110                process_cd_iso_scsi_cmd
                0xbaadcafe000111e8                find_file_sector
                0xbaadcafe000112a8                _device_event
                0xbaadcafe00011278                is_psx
                0xbaadcafe00011290                process_disc_insert
                0xbaadcafe00010fa8                _fsloop_close
                0xbaadcafe00010ec0                shutdown_copy_params_patched
                0xbaadcafe00011410                _emu_sys_storage_async_send_device_command
                0xbaadcafe00010e80                emu_storage_send_device_command
                0xbaadcafe00011140                do_read_iso
                0xbaadcafe000113b0                sys_storage_ext_mount_discfile_proxy
                0xbaadcafe00010e70                emu_sys_storage_async_read
                0xbaadcafe000110c8                mount_ps2_discfile
                0xbaadcafe00011050                mount_dvd_discfile
                0xbaadcafe000111b8                _emu_storage_send_device_command
                0xbaadcafe000113f8                _emu_sys_storage_async_read
                0xbaadcafe00011200                process_proxy_cmd
                0xbaadcafe000110e0                mount_psx_discfile
                0xbaadcafe000110b0                mount_ps_cd
                0xbaadcafe00010e40                emu_read_bdvd2
                0xbaadcafe00010e10                device_event
                0xbaadcafe00011380                sys_storage_ext_mount_psx_discfile
                0xbaadcafe00010ed0                fsloop_open
                0xbaadcafe00010fd8                umount_discfile
                0xbaadcafe00010f30                storage_ext_init
                0xbaadcafe00011020                mount_bd_discfile
                0xbaadcafe00010e30                emu_read_bdvd1
                0xbaadcafe00010eb0                post_cellFsUtilMount
                0xbaadcafe000113c8                sys_storage_ext_mount_encrypted_image
                0xbaadcafe00011218                read_psx_sector
                0xbaadcafe00011038                sys_storage_ext_mount_bd_discfile
                0xbaadcafe00011158                _emu_read_bdvd2
                0xbaadcafe00011248                process_read_disc_cmd
                0xbaadcafe00010f48                _post_storage_get_device_info
                0xbaadcafe00010ff0                sys_storage_ext_umount_discfile
                0xbaadcafe00011098                sys_storage_ext_mount_ps3_discfile
                0xbaadcafe00010ee0                fsloop_close
                0xbaadcafe00010ea0                emu_disc_auth
                0xbaadcafe00011080                mount_ps3_discfile
                0xbaadcafe00010f90                _fsloop_read
                0xbaadcafe00011428                _emu_disc_auth
                0xbaadcafe00011320                _shutdown_copy_params_patched
                0xbaadcafe00011188                _emu_read_bdvd0
                0xbaadcafe000112c0                process_fake_storage_event_cmd
                0xbaadcafe00011368                sys_storage_ext_get_emu_state
                0xbaadcafe00011128                process_cmd
                0xbaadcafe00011230                process_get_psx_video_mode
                0xbaadcafe00010e50                post_storage_get_device_info
                0xbaadcafe00010e20                emu_read_bdvd0
                0xbaadcafe000111d0                _emu_storage_read
                0xbaadcafe00011068                sys_storage_ext_mount_dvd_discfile
                0xbaadcafe00011350                sys_storage_ext_read_ps3_disc
                0xbaadcafe00011338                sys_storage_ext_get_disc_type
                0xbaadcafe00010e90                emu_sys_storage_async_send_device_command
                0xbaadcafe000112f0                _post_cellFsUtilMount
                0xbaadcafe000113e0                storage_ext_patches
                0xbaadcafe00011308                dispatch_thread_entry
                0xbaadcafe00011398                sys_storage_ext_mount_ps2_discfile
                0xbaadcafe000110f8                process_generic_iso_scsi_cmd
                0xbaadcafe00010f78                sys_storage_ext_fake_storage_event
                0xbaadcafe00010e60                emu_storage_read
                0xbaadcafe00011170                _emu_read_bdvd1
                0xbaadcafe00010ef0                fsloop_read
                0xbaadcafe00010fc0                _fsloop_open
                0xbaadcafe00011008                mount_common
 .opd           0xbaadcafe00011440       0x40 region.o
                0xbaadcafe00011440                region_func
                0xbaadcafe00011450                region_patches
                0xbaadcafe00011468                _region_func
 .opd           0xbaadcafe00011480       0xc0 psp.o
                0xbaadcafe000114e0                sys_psp_read_umd
                0xbaadcafe00011510                sys_psp_set_decrypt_options
                0xbaadcafe000114c8                sys_psp_read_header
                0xbaadcafe00011528                sys_psp_prx_patch
                0xbaadcafe00011498                sys_psp_post_savedata_initstart
                0xbaadcafe000114f8                sys_psp_set_umdfile
                0xbaadcafe000114b0                sys_psp_post_savedata_shutdownstart
                0xbaadcafe00011480                sys_psp_set_emu_path
 .opd           0xbaadcafe00011540       0x18 cobra.o
                0xbaadcafe00011540                sys_cobra_usb_command
 .opd           0xbaadcafe00011558       0xb0 permissions.o
                0xbaadcafe000115a8                sys_permissions_remove_access
                0xbaadcafe000115d8                _permissions_func_hook
                0xbaadcafe000115c0                is_system_process
                0xbaadcafe00011558                permissions_func_hook
                0xbaadcafe00011578                _get_pid_patched
                0xbaadcafe000115f0                sys_permissions_get_access
                0xbaadcafe00011590                permissions_patches
                0xbaadcafe00011568                get_pid_patched
 .opd           0xbaadcafe00011608       0x40 sm_ext.o
                0xbaadcafe00011618                sys_sm_ext_send_poweroff_event
                0xbaadcafe00011608                send_poweroff_event
                0xbaadcafe00011630                _send_poweroff_event
 .opd           0xbaadcafe00011648       0x30 ../lv2/src/interrupt_c.o
                0xbaadcafe00011648                spin_unlock_irqrestore
                0xbaadcafe00011660                spin_lock_irqsave
 .opd           0xbaadcafe00011678       0x30 ../lv2/src/libc_c.o
                0xbaadcafe00011678                strncasecmp
                0xbaadcafe00011690                strstr
 .opd           0xbaadcafe000116a8       0x18 ../lv2/src/thread_c.o
                0xbaadcafe000116a8                ppu_user_thread_create
 .opd           0xbaadcafe000116c0       0x30 ../lv2/src/modules_c.o
                0xbaadcafe000116d8                prx_start_module_with_thread
                0xbaadcafe000116c0                prx_stop_module_with_thread
 .opd           0xbaadcafe000116f0       0x18 ../lv2/src/pad.o
                0xbaadcafe000116f0                pad_get_data
 .opd           0xbaadcafe00011708       0x48 ../lv1/src/stor.o
                0xbaadcafe00011720                lv1_stor_wrapper_close
                0xbaadcafe00011738                lv1_stor_wrapper_open
                0xbaadcafe00011708                lv1_stor_wrapper_read
 .opd           0xbaadcafe00011750       0x48 ../lv1/src/device.o
                0xbaadcafe00011768                unmap_dma_mem
                0xbaadcafe00011780                map_dma_mem
 *(.opd.*)
                0xbaadcafe00011798                __opd_end = .
                0xbaadcafe00011798                __reloc_end = .
                0xbaadcafe00011798                __self_end = .

.rela.dyn       0xbaadcafe00011798        0x0
 .rela.start    0x0000000000000000        0x0 linker stubs
 .rela.text     0x0000000000000000        0x0 linker stubs
 .rela.toc      0x0000000000000000        0x0 linker stubs
OUTPUT(stage2.elf elf64-powerpc)
LOAD linker stubs

.comment        0x0000000000000000      0x168
 .comment       0x0000000000000000       0x12 main.o
 .comment       0x0000000000000012       0x12 crypto.o
 .comment       0x0000000000000024       0x12 modulespatch.o
 .comment       0x0000000000000036       0x12 config.o
 .comment       0x0000000000000048       0x12 drm.o
 .comment       0x000000000000005a       0x12 mappath.o
 .comment       0x000000000000006c       0x12 storage_ext.o
 .comment       0x000000000000007e       0x12 region.o
 .comment       0x0000000000000090       0x12 psp.o
 .comment       0x00000000000000a2       0x12 cobra.o
 .comment       0x00000000000000b4       0x12 permissions.o
 .comment       0x00000000000000c6       0x12 sm_ext.o
 .comment       0x00000000000000d8       0x12 ../lv2/src/interrupt_c.o
 .comment       0x00000000000000ea       0x12 ../lv2/src/libc_c.o
 .comment       0x00000000000000fc       0x12 ../lv2/src/memory_c.o
 .comment       0x000000000000010e       0x12 ../lv2/src/thread_c.o
 .comment       0x0000000000000120       0x12 ../lv2/src/modules_c.o
 .comment       0x0000000000000132       0x12 ../lv2/src/pad.o
 .comment       0x0000000000000144       0x12 ../lv1/src/stor.o
 .comment       0x0000000000000156       0x12 ../lv1/src/device.o
