
Allocating common symbols
Common symbol       size              file

dbg_                0x610             ../debug/src/debug.o

Discarded input sections

 .text          0x0000000000000000        0x0 start.o
 .data          0x0000000000000000        0x0 start.o
 .bss           0x0000000000000000        0x0 start.o
 .text          0x0000000000000000        0x0 main.o
 .data          0x0000000000000000        0x0 main.o
 .bss           0x0000000000000000        0x0 main.o
 .data          0x0000000000000000        0x0 flash_mount_421.o
 .bss           0x0000000000000000        0x0 flash_mount_421.o
 .text          0x0000000000000000        0x0 ../lv2/src/libc.o
 .data          0x0000000000000000        0x0 ../lv2/src/libc.o
 .bss           0x0000000000000000        0x0 ../lv2/src/libc.o
 .lv2_printf.text
                0x0000000000000000        0x0 ../lv2/src/libc.o
 .lv2_sprintf.text
                0x0000000000000000        0x0 ../lv2/src/libc.o
 .lv2_snprintf.text
                0x0000000000000000        0x0 ../lv2/src/libc.o
 .lv2_strcpy.text
                0x0000000000000000        0x0 ../lv2/src/libc.o
 .lv2_strncpy.text
                0x0000000000000000        0x0 ../lv2/src/libc.o
 .lv2_strlen.text
                0x0000000000000000        0x0 ../lv2/src/libc.o
 .lv2_strcat.text
                0x0000000000000000        0x0 ../lv2/src/libc.o
 .lv2_strcmp.text
                0x0000000000000000        0x0 ../lv2/src/libc.o
 .lv2_strncmp.text
                0x0000000000000000        0x0 ../lv2/src/libc.o
 .lv2_strchr.text
                0x0000000000000000        0x0 ../lv2/src/libc.o
 .lv2_strrchr.text
                0x0000000000000000        0x0 ../lv2/src/libc.o
 .lv2_memcmp.text
                0x0000000000000000        0x0 ../lv2/src/libc.o
 .lv2_memchr.text
                0x0000000000000000        0x0 ../lv2/src/libc.o
 .printf.text   0x0000000000000000        0x0 ../lv2/src/libc.o
 .sprintf.text  0x0000000000000000        0x0 ../lv2/src/libc.o
 .snprintf.text
                0x0000000000000000        0x0 ../lv2/src/libc.o
 .strcpy.text   0x0000000000000000        0x0 ../lv2/src/libc.o
 .strncpy.text  0x0000000000000000        0x0 ../lv2/src/libc.o
 .strlen.text   0x0000000000000000        0x0 ../lv2/src/libc.o
 .strcat.text   0x0000000000000000        0x0 ../lv2/src/libc.o
 .strcmp.text   0x0000000000000000        0x0 ../lv2/src/libc.o
 .strncmp.text  0x0000000000000000        0x0 ../lv2/src/libc.o
 .strchr.text   0x0000000000000000        0x0 ../lv2/src/libc.o
 .strrchr.text  0x0000000000000000        0x0 ../lv2/src/libc.o
 .memcpy.text   0x0000000000000000        0x0 ../lv2/src/libc.o
 .memset.text   0x0000000000000000        0x0 ../lv2/src/libc.o
 .memcmp.text   0x0000000000000000        0x0 ../lv2/src/libc.o
 .memchr.text   0x0000000000000000        0x0 ../lv2/src/libc.o
 .text          0x0000000000000000        0x0 ../lv2/src/memory.o
 .data          0x0000000000000000        0x0 ../lv2/src/memory.o
 .bss           0x0000000000000000        0x0 ../lv2/src/memory.o
 .copy_to_user.text
                0x0000000000000000        0x0 ../lv2/src/memory.o
 .copy_from_user.text
                0x0000000000000000        0x0 ../lv2/src/memory.o
 .copy_to_process.text
                0x0000000000000000        0x0 ../lv2/src/memory.o
 .copy_from_process.text
                0x0000000000000000        0x0 ../lv2/src/memory.o
 .page_allocate.text
                0x0000000000000000        0x0 ../lv2/src/memory.o
 .page_free.text
                0x0000000000000000        0x0 ../lv2/src/memory.o
 .page_export_to_proc.text
                0x0000000000000000        0x0 ../lv2/src/memory.o
 .page_unexport_from_proc.text
                0x0000000000000000        0x0 ../lv2/src/memory.o
 .kernel_ea_to_lpar_addr.text
                0x0000000000000000        0x0 ../lv2/src/memory.o
 .process_ea_to_lpar_addr_ex.text
                0x0000000000000000        0x0 ../lv2/src/memory.o
 .set_pte.text  0x0000000000000000        0x0 ../lv2/src/memory.o
 .text          0x0000000000000000        0x0 ../lv2/src/io.o
 .data          0x0000000000000000        0x0 ../lv2/src/io.o
 .bss           0x0000000000000000        0x0 ../lv2/src/io.o
 .cellFsWrite.text
                0x0000000000000000        0x0 ../lv2/src/io.o
 .cellFsLseek.text
                0x0000000000000000        0x0 ../lv2/src/io.o
 .cellFsUtime.text
                0x0000000000000000        0x0 ../lv2/src/io.o
 .cellFsUnlink_internal.text
                0x0000000000000000        0x0 ../lv2/src/io.o
 .cellFsUtilMount.text
                0x0000000000000000        0x0 ../lv2/src/io.o
 .cellFsUtilMount_h.text
                0x0000000000000000        0x0 ../lv2/src/io.o
 .cellFsUtilUmount.text
                0x0000000000000000        0x0 ../lv2/src/io.o
 .cellFsUtilNewfs.text
                0x0000000000000000        0x0 ../lv2/src/io.o
 .pathdup_from_user.text
                0x0000000000000000        0x0 ../lv2/src/io.o
 .open_fs_object.text
                0x0000000000000000        0x0 ../lv2/src/io.o
 .close_fs_object.text
                0x0000000000000000        0x0 ../lv2/src/io.o
 .text          0x0000000000000000        0x0 ../lv2/src/thread.o
 .data          0x0000000000000000        0x0 ../lv2/src/thread.o
 .bss           0x0000000000000000        0x0 ../lv2/src/thread.o
 .ppu_thread_create.text
                0x0000000000000000        0x0 ../lv2/src/thread.o
 .ppu_thread_exit.text
                0x0000000000000000        0x0 ../lv2/src/thread.o
 .ppu_thread_join.text
                0x0000000000000000        0x0 ../lv2/src/thread.o
 .ppu_thread_delay.text
                0x0000000000000000        0x0 ../lv2/src/thread.o
 .create_kernel_thread.text
                0x0000000000000000        0x0 ../lv2/src/thread.o
 .create_user_thread.text
                0x0000000000000000        0x0 ../lv2/src/thread.o
 .create_user_thread2.text
                0x0000000000000000        0x0 ../lv2/src/thread.o
 .start_thread.text
                0x0000000000000000        0x0 ../lv2/src/thread.o
 .run_thread.text
                0x0000000000000000        0x0 ../lv2/src/thread.o
 .register_thread.text
                0x0000000000000000        0x0 ../lv2/src/thread.o
 .allocate_user_stack.text
                0x0000000000000000        0x0 ../lv2/src/thread.o
 .deallocate_user_stack.text
                0x0000000000000000        0x0 ../lv2/src/thread.o
 .text          0x0000000000000000        0x0 ../lv1/src/device.o
 .data          0x0000000000000000        0x0 ../lv1/src/device.o
 .bss           0x0000000000000000        0x0 ../lv1/src/device.o
 .text.unmap_dma_mem
                0x0000000000000000        0x0 ../lv1/src/device.o
 .text          0x0000000000000000        0x0 ../lv1/src/hvcall.o
 .data          0x0000000000000000        0x0 ../lv1/src/hvcall.o
 .bss           0x0000000000000000        0x0 ../lv1/src/hvcall.o
 ._lv1_allocate_memory.text
                0x0000000000000000        0x0 ../lv1/src/hvcall.o
 ._lv1_write_htab_entry.text
                0x0000000000000000        0x0 ../lv1/src/hvcall.o
 ._lv1_get_virtual_address_space_id_of_ppe.text
                0x0000000000000000        0x0 ../lv1/src/hvcall.o
 ._lv1_release_memory.text
                0x0000000000000000        0x0 ../lv1/src/hvcall.o
 ._lv1_destruct_logical_spe.text
                0x0000000000000000        0x0 ../lv1/src/hvcall.o
 ._lv1_construct_logical_spe.text
                0x0000000000000000        0x0 ../lv1/src/hvcall.o
 ._lv1_set_spe_interrupt_mask.text
                0x0000000000000000        0x0 ../lv1/src/hvcall.o
 ._lv1_set_spe_transition_notifier.text
                0x0000000000000000        0x0 ../lv1/src/hvcall.o
 ._lv1_disable_logical_spe.text
                0x0000000000000000        0x0 ../lv1/src/hvcall.o
 ._lv1_clear_spe_interrupt_status.text
                0x0000000000000000        0x0 ../lv1/src/hvcall.o
 ._lv1_get_spe_interrupt_status.text
                0x0000000000000000        0x0 ../lv1/src/hvcall.o
 ._lv1_get_logical_ppe_id.text
                0x0000000000000000        0x0 ../lv1/src/hvcall.o
 ._lv1_get_logical_partition_id.text
                0x0000000000000000        0x0 ../lv1/src/hvcall.o
 ._lv1_set_spe_privilege_state_area_1_register.text
                0x0000000000000000        0x0 ../lv1/src/hvcall.o
 ._lv1_create_repository_node.text
                0x0000000000000000        0x0 ../lv1/src/hvcall.o
 ._lv1_modify_repository_node_value.text
                0x0000000000000000        0x0 ../lv1/src/hvcall.o
 ._lv1_remove_repository_node.text
                0x0000000000000000        0x0 ../lv1/src/hvcall.o
 ._lv1_read_htab_entries.text
                0x0000000000000000        0x0 ../lv1/src/hvcall.o
 ._lv1_insert_htab_entry.text
                0x0000000000000000        0x0 ../lv1/src/hvcall.o
 ._lv1_read_virtual_uart.text
                0x0000000000000000        0x0 ../lv1/src/hvcall.o
 ._lv1_write_virtual_uart.text
                0x0000000000000000        0x0 ../lv1/src/hvcall.o
 ._lv1_set_virtual_uart_param.text
                0x0000000000000000        0x0 ../lv1/src/hvcall.o
 ._lv1_get_virtual_uart_param.text
                0x0000000000000000        0x0 ../lv1/src/hvcall.o
 ._lv1_map_device_mmio_region.text
                0x0000000000000000        0x0 ../lv1/src/hvcall.o
 ._lv1_unmap_device_mmio_region.text
                0x0000000000000000        0x0 ../lv1/src/hvcall.o
 ._lv1_unmap_device_dma_region.text
                0x0000000000000000        0x0 ../lv1/src/hvcall.o
 ._lv1_net_stop_tx_dma.text
                0x0000000000000000        0x0 ../lv1/src/hvcall.o
 ._lv1_net_start_rx_dma.text
                0x0000000000000000        0x0 ../lv1/src/hvcall.o
 ._lv1_net_stop_rx_dma.text
                0x0000000000000000        0x0 ../lv1/src/hvcall.o
 ._lv1_net_set_interrupt_status_indicator.text
                0x0000000000000000        0x0 ../lv1/src/hvcall.o
 ._lv1_net_set_interrupt_mask.text
                0x0000000000000000        0x0 ../lv1/src/hvcall.o
 ._lv1_enable_logical_spe.text
                0x0000000000000000        0x0 ../lv1/src/hvcall.o
 ._lv1_storage_read.text
                0x0000000000000000        0x0 ../lv1/src/hvcall.o
 ._lv1_storage_write.text
                0x0000000000000000        0x0 ../lv1/src/hvcall.o
 ._lv1_storage_send_device_command.text
                0x0000000000000000        0x0 ../lv1/src/hvcall.o
 ._lv1_storage_get_async_status.text
                0x0000000000000000        0x0 ../lv1/src/hvcall.o
 ._lv1_storage_check_async_status.text
                0x0000000000000000        0x0 ../lv1/src/hvcall.o
 ._lv1_panic.text
                0x0000000000000000        0x0 ../lv1/src/hvcall.o
 ._lv1_undocumented_function_114.text
                0x0000000000000000        0x0 ../lv1/src/hvcall.o
 ._lv1_undocumented_function_115.text
                0x0000000000000000        0x0 ../lv1/src/hvcall.o
 ._lv1_undocumented_function_138.text
                0x0000000000000000        0x0 ../lv1/src/hvcall.o
 ._lv1_undocumented_function_99.text
                0x0000000000000000        0x0 ../lv1/src/hvcall.o
 ._lv1_undocumented_function_62.text
                0x0000000000000000        0x0 ../lv1/src/hvcall.o
 ._lv1_undocumented_function_167.text
                0x0000000000000000        0x0 ../lv1/src/hvcall.o
 ._lv1_undocumented_function_168.text
                0x0000000000000000        0x0 ../lv1/src/hvcall.o
 ._lv1_cfw_peek.text
                0x0000000000000000        0x0 ../lv1/src/hvcall.o
 ._lv1_cfw_poke.text
                0x0000000000000000        0x0 ../lv1/src/hvcall.o
 .data          0x0000000000000000        0x0 ../debug/src/debug.o
 .bss           0x0000000000000000        0x0 ../debug/src/debug.o
 .text.lv1_panic
                0x0000000000000000        0x0 ../debug/src/debug.o
 .text.debug_print_hex_c
                0x0000000000000000        0x0 ../debug/src/debug.o
 .text.debug_print_hex
                0x0000000000000000        0x0 ../debug/src/debug.o
 .text.fatal    0x0000000000000000        0x0 ../debug/src/debug.o
 .text.abort    0x0000000000000000        0x0 ../debug/src/debug.o
 .text.debug_end
                0x0000000000000000        0x0 ../debug/src/debug.o
 .text.debug_uninstall
                0x0000000000000000        0x0 ../debug/src/debug.o
 .text.debug_install
                0x0000000000000000        0x0 ../debug/src/debug.o
 .text          0x0000000000000000        0x0 ../debug/src/printf.o
 .data          0x0000000000000000        0x0 ../debug/src/printf.o
 .bss           0x0000000000000000        0x0 ../debug/src/printf.o
 .text._vsprintf
                0x0000000000000000        0x0 ../debug/src/printf.o
 .text._sprintf
                0x0000000000000000        0x0 ../debug/src/printf.o

Memory Configuration

Name             Origin             Length             Attributes
*default*        0x0000000000000000 0xffffffffffffffff

Linker script and memory map

LOAD start.o
LOAD main.o
LOAD flash_mount_421.o
LOAD ../lv2/src/libc.o
LOAD ../lv2/src/memory.o
LOAD ../lv2/src/io.o
LOAD ../lv2/src/thread.o
LOAD ../lv1/src/device.o
LOAD ../lv1/src/hvcall.o
LOAD ../debug/src/debug.o
LOAD ../debug/src/printf.o
                0x80000000007f0000                __base = 0x80000000007f0000
                0x80000000007f0000                . = __base
                0x80000000007f0000                __self_start = .

.start          0x80000000007f0000       0x34
 *(.start)
 .start         0x80000000007f0000       0x34 start.o
                0x80000000007f0000                _start
                0x80000000007f0040                . = ALIGN (0x20)

.text           0x80000000007f0040     0x1a78
 *(.text)
 .text          0x80000000007f0040      0x1fc flash_mount_421.o
                0x80000000007f0040                flash_mount_clone
 *fill*         0x80000000007f023c        0x4 00
 .text          0x80000000007f0240       0xec ../debug/src/debug.o
 *(.text.*)
 .text.main     0x80000000007f032c      0x254 main.o
 .text.lv1_get_repository_node_value
                0x80000000007f0580       0x34 ../lv1/src/device.o
 .text.find_device_by_type
                0x80000000007f05b4      0x254 ../lv1/src/device.o
 .text.lv1_free_device_dma_region
                0x80000000007f0808       0x34 ../lv1/src/device.o
 .text.map_dma_mem
                0x80000000007f083c      0x104 ../lv1/src/device.o
 .text.debug_print
                0x80000000007f0940      0x154 ../debug/src/debug.o
 .text._debug_printf
                0x80000000007f0a94       0x88 ../debug/src/debug.o
 .text._consoleWrite
                0x80000000007f0b1c       0x30 ../debug/src/debug.o
 .text._ttyWrite
                0x80000000007f0b4c       0x5c ../debug/src/debug.o
 .text.lv1_net_control
                0x80000000007f0ba8       0x34 ../debug/src/debug.o
 .text.debug_init
                0x80000000007f0bdc      0x29c ../debug/src/debug.o
 .text.fmtstr   0x80000000007f0e78      0x154 ../debug/src/printf.o
 .text.fmtint   0x80000000007f0fcc      0x3c0 ../debug/src/printf.o
 .text._vsnprintf
                0x80000000007f138c      0x72c ../debug/src/printf.o

.sfpr           0x80000000007f1ab8        0x0
 .sfpr          0x0000000000000000        0x0 linker stubs

.glink          0x80000000007f1ab8        0x0
 .glink         0x0000000000000000        0x0 linker stubs

.lv2_memcpy.text
                0x80000000007f1ab8       0x10
 .lv2_memcpy.text
                0x80000000007f1ab8       0x10 ../lv2/src/libc.o
                0x80000000007f1ab8                lv2_memcpy

.lv2_memset.text
                0x80000000007f1ac8       0x10
 .lv2_memset.text
                0x80000000007f1ac8       0x10 ../lv2/src/libc.o
                0x80000000007f1ac8                lv2_memset

.alloc.text     0x80000000007f1ad8       0x10
 .alloc.text    0x80000000007f1ad8       0x10 ../lv2/src/memory.o
                0x80000000007f1ad8                alloc

.dealloc.text   0x80000000007f1ae8       0x10
 .dealloc.text  0x80000000007f1ae8       0x10 ../lv2/src/memory.o
                0x80000000007f1ae8                dealloc

.cellFsOpen.text
                0x80000000007f1af8       0x10
 .cellFsOpen.text
                0x80000000007f1af8       0x10 ../lv2/src/io.o
                0x80000000007f1af8                cellFsOpen

.cellFsClose.text
                0x80000000007f1b08       0x10
 .cellFsClose.text
                0x80000000007f1b08       0x10 ../lv2/src/io.o
                0x80000000007f1b08                cellFsClose

.cellFsRead.text
                0x80000000007f1b18       0x10
 .cellFsRead.text
                0x80000000007f1b18       0x10 ../lv2/src/io.o
                0x80000000007f1b18                cellFsRead

.cellFsStat.text
                0x80000000007f1b28       0x10
 .cellFsStat.text
                0x80000000007f1b28       0x10 ../lv2/src/io.o
                0x80000000007f1b28                cellFsStat

._lv1_get_repository_node_value.text
                0x80000000007f1b38       0x3c
 ._lv1_get_repository_node_value.text
                0x80000000007f1b38       0x3c ../lv1/src/hvcall.o
                0x80000000007f1b38                _lv1_get_repository_node_value

._lv1_allocate_device_dma_region.text
                0x80000000007f1b74       0x30
 ._lv1_allocate_device_dma_region.text
                0x80000000007f1b74       0x30 ../lv1/src/hvcall.o
                0x80000000007f1b74                _lv1_allocate_device_dma_region

._lv1_free_device_dma_region.text
                0x80000000007f1ba4       0x20
 ._lv1_free_device_dma_region.text
                0x80000000007f1ba4       0x20 ../lv1/src/hvcall.o
                0x80000000007f1ba4                _lv1_free_device_dma_region

._lv1_map_device_dma_region.text
                0x80000000007f1bc4       0x20
 ._lv1_map_device_dma_region.text
                0x80000000007f1bc4       0x20 ../lv1/src/hvcall.o
                0x80000000007f1bc4                _lv1_map_device_dma_region

._lv1_net_start_tx_dma.text
                0x80000000007f1be4       0x20
 ._lv1_net_start_tx_dma.text
                0x80000000007f1be4       0x20 ../lv1/src/hvcall.o
                0x80000000007f1be4                _lv1_net_start_tx_dma

._lv1_net_control.text
                0x80000000007f1c04       0x3c
 ._lv1_net_control.text
                0x80000000007f1c04       0x3c ../lv1/src/hvcall.o
                0x80000000007f1c04                _lv1_net_control

.rodata         0x80000000007f1c40      0x190
 *(.rodata)
 *(.rodata.*)
 .rodata.str1.8
                0x80000000007f1c40       0xff main.o
 *fill*         0x80000000007f1d3f        0x1 00
 .rodata.str1.8
                0x80000000007f1d40       0x4c ../debug/src/debug.o
                                         0x5c (size before relaxing)
 *fill*         0x80000000007f1d8c        0x4 00
 .rodata.str1.8
                0x80000000007f1d90       0x40 ../debug/src/printf.o
                                         0x3e (size before relaxing)

.data
 *(.data)
 *(.data.*)
 *(.sdata)
 *(.sdata.*)

.branch_lt      0x80000000007f1dd0        0x0
 .branch_lt     0x80000000007f1dd0        0x0 linker stubs

.bss            0x80000000007f1de0      0x658
 *(.sbss)
 *(.sbss.*)
 *(COMMON)
 COMMON         0x80000000007f1de0      0x610 ../debug/src/debug.o
                0x80000000007f1de0                dbg_
 *(.bss)
 *(.bss.*)
 .bss.debug_initialized
                0x80000000007f23f0        0x4 ../debug/src/debug.o
 .bss.bus_id    0x80000000007f23f4        0x4 ../debug/src/debug.o
 .bss.dev_id    0x80000000007f23f8        0x4 ../debug/src/debug.o
 *fill*         0x80000000007f23fc        0x4 00
 .bss.bus_addr  0x80000000007f2400        0x8 ../debug/src/debug.o
 .bss.h_eth     0x80000000007f2408        0x8 ../debug/src/debug.o
 .bss.h_vlan    0x80000000007f2410        0x8 ../debug/src/debug.o
 .bss.h_ip      0x80000000007f2418        0x8 ../debug/src/debug.o
 .bss.h_udp     0x80000000007f2420        0x8 ../debug/src/debug.o
 .bss.pmsg      0x80000000007f2428        0x8 ../debug/src/debug.o
 .bss.header_size
                0x80000000007f2430        0x4 ../debug/src/debug.o
                0x80000000007f2434        0x4 LONG 0x0
                0x80000000007f2440                . = ALIGN (0x20)
                0x80000000007fa440                __toc = (. + 0x8000)

.toc            0x80000000007f2440      0x158
 *(.toc)
 .toc           0x80000000007f2440       0x88 main.o
 .toc           0x80000000007f24c8       0x20 ../lv1/src/device.o
 .toc           0x80000000007f24e8       0x68 ../debug/src/debug.o
                                         0xe0 (size before relaxing)
 .toc           0x80000000007f2550       0x48 ../debug/src/printf.o
 *(.toc.*)

.opd            0x80000000007f2598      0x180
 *(.opd)
 .opd           0x80000000007f2598       0x18 main.o
                0x80000000007f2598                main
 .opd           0x80000000007f25b0       0x60 ../lv1/src/device.o
                0x80000000007f25c8                find_device_by_type
                0x80000000007f25f8                map_dma_mem
 .opd           0x80000000007f2610       0xc0 ../debug/src/debug.o
                0x80000000007f2610                ttyWrite
                0x80000000007f2670                _consoleWrite
                0x80000000007f2640                debug_print
                0x80000000007f2658                _debug_printf
                0x80000000007f26b8                debug_init
                0x80000000007f2688                _ttyWrite
                0x80000000007f2630                debug_printf
                0x80000000007f2620                consoleWrite
 .opd           0x80000000007f26d0       0x48 ../debug/src/printf.o
                0x80000000007f2700                _vsnprintf
 *(.opd.*)
                0x80000000007f2718                __self_end = .

.rela.dyn       0x80000000007f2718        0x0
 .rela.start    0x0000000000000000        0x0 linker stubs
 .rela.toc      0x0000000000000000        0x0 linker stubs
 .rela.text     0x0000000000000000        0x0 linker stubs
OUTPUT(stage1.elf elf64-powerpc)
LOAD linker stubs

.comment        0x0000000000000000       0x48
 .comment       0x0000000000000000       0x12 main.o
 .comment       0x0000000000000012       0x12 ../lv1/src/device.o
 .comment       0x0000000000000024       0x12 ../debug/src/debug.o
 .comment       0x0000000000000036       0x12 ../debug/src/printf.o
